<html>
<body>
<pre>
<h1>礦ision Build Log</h1>
<h2>Tool Versions:</h2>
IDE-Version: μVision V5.14.0.0
Copyright (C) 2015 ARM Ltd and ARM Germany GmbH. All rights reserved.
License Information: q w, qw, LIC=W96Z9-4X2BQ-22WL4-FZ3LG-5GI9Z-BF7WE
 
Tool Versions:
Toolchain:       MDK-ARM Professional  Version: 5.14.0.0
Toolchain Path:  E:\Keil_v5\ARM\ARMCC\Bin
C Compiler:      Armcc.exe V5.05 update 1 (build 106)
Assembler:       Armasm.exe V5.05 update 1 (build 106)
Linker/Locator:  ArmLink.exe V5.05 update 1 (build 106)
Library Manager: ArmAr.exe V5.05 update 1 (build 106)
Hex Converter:   FromElf.exe V5.05 update 1 (build 106)
CPU DLL:         SARMCM3.DLL V5.14.0.0
Dialog DLL:      DCM.DLL V1.13.1.0
Target DLL:      Segger\JL2CM3.dll V2.99.13.0
Dialog DLL:      TCM.DLL V1.14.4.0
 
<h2>Project:</h2>
E:\搜狗高速下载\1，ATK-HC05蓝牙串口模块\1，ATK-HC05蓝牙串口模块\2，程序源码\（库函数版本，适合探索者STM32F4开发板）扩展实验1 ATK-HC05蓝牙串口模块实验\（库函数版本，适合探索者STM32F4开发板）扩展实验1 ATK-HC05蓝牙串口模块实验\USER\ATK-HC05.uvprojx
Project File Date:  04/11/2015

<h2>Output:</h2>
Build target 'ATK-HC05'
compiling main.c...
main.c(118): warning:  #167-D: argument of type "u8 *" is incompatible with parameter of type "char *"
                                u3_printf(USART3_RX_BUF);               //发送到蓝牙模块
main.c(37): warning:  #177-D: variable "key" was declared but never referenced
        u8 key;
main.c(38): warning:  #177-D: variable "sendmask" was declared but never referenced
        u8 sendmask=1;
main.c(39): warning:  #177-D: variable "sendcnt" was declared but never referenced
        u8 sendcnt=0;
main.c(40): warning:  #177-D: variable "sendbuf" was declared but never referenced
        u8 sendbuf[20];   
main.c: 5 warnings, 0 errors
linking...
Program Size: Code=42446 RO-data=7202 RW-data=360 ZI-data=2648  
FromELF: creating hex file...
"..\OBJ\ATK-HC05.axf" - 0 Error(s), 5 Warning(s).

<h2>Collection of Component include folders:</h2>
  E:\搜狗高速下载\1，ATK-HC05蓝牙串口模块\1，ATK-HC05蓝牙串口模块\2，程序源码\（库函数版本，适合探索者STM32F4开发板）扩展实验1 ATK-HC05蓝牙串口模块实验\（库函数版本，适合探索者STM32F4开发板）扩展实验1 ATK-HC05蓝牙串口模块实验\USER\RTE
  E:\Keil_v5\ARM\PACK\Keil\STM32F4xx_DFP\1.0.8\Device\Include

<h2>Collection of Component Files used:</h2>
</pre>
</body>
</html>
