Component: ARM Compiler 5.05 update 1 (build 106) Tool: armlink [4d0efa]

==============================================================================

Section Cross References

    main.o(.text) refers to _printf_percent.o(.ARM.Collect$$_printf_percent$$00000000) for _printf_percent
    main.o(.text) refers to _printf_d.o(.ARM.Collect$$_printf_percent$$00000009) for _printf_d
    main.o(.text) refers to _printf_dec.o(.text) for _printf_int_dec
    main.o(.text) refers to motorlei.o(.text) for downtolight
    main.o(.text) refers to __2printf.o(.text) for __2printf
    main.o(.text) refers to delay.o(.text) for delay_ms
    main.o(.text) refers to usart3.o(.text) for u3_printf
    main.o(.text) refers to atoi.o(.text) for atoi
    main.o(.text) refers to max6675.o(.text) for SPI_MAX6675_Init
    main.o(.text) refers to misc.o(.text) for NVIC_PriorityGroupConfig
    main.o(.text) refers to usart.o(.text) for uart_init
    main.o(.text) refers to key.o(.text) for KEY_Init
    main.o(.text) refers to pwm.o(.text) for TIM14_TIME_Init
    main.o(.text) refers to dcmotor.o(.text) for Dcmotor_init
    main.o(.text) refers to hx711.o(.text) for hxinit
    main.o(.text) refers to stm32f4xx_tim.o(.text) for TIM_SetCompare1
    main.o(.text) refers to motorlei.o(.data) for nowpos
    main.o(.text) refers to usart3.o(.data) for USART3_RX_STA
    main.o(.text) refers to main.o(.data) for reclen
    main.o(.text) refers to usart3.o(.bss) for USART3_RX_BUF
    main.o(.text) refers to relays.o(.data) for Relays
    main.o(.text) refers to pid.o(.data) for pid1
    main.o(.text) refers to usmart_config.o(.data) for usmart_dev
    main.o(.text) refers to posswitch.o(.data) for Pswitch
    main.o(.text) refers to lightswitch.o(.data) for lswitch
    main.o(.text) refers to max6675.o(.data) for thermometer1
    main.o(.text) refers to hx711.o(.data) for hx711_1
    system_stm32f4xx.o(.text) refers to system_stm32f4xx.o(.data) for SystemCoreClock
    key.o(.text) refers to stm32f4xx_rcc.o(.text) for RCC_AHB1PeriphClockCmd
    key.o(.text) refers to stm32f4xx_gpio.o(.text) for GPIO_Init
    key.o(.text) refers to delay.o(.text) for delay_ms
    key.o(.text) refers to key.o(.data) for key_up
    timer.o(.text) refers to stm32f4xx_tim.o(.text) for TIM_GetITStatus
    timer.o(.text) refers to stm32f4xx_rcc.o(.text) for RCC_APB1PeriphClockCmd
    timer.o(.text) refers to misc.o(.text) for NVIC_Init
    timer.o(.text) refers to usart3.o(.data) for USART3_RX_STA
    usart3.o(.text) refers to stm32f4xx_usart.o(.text) for USART_GetITStatus
    usart3.o(.text) refers to stm32f4xx_tim.o(.text) for TIM_SetCounter
    usart3.o(.text) refers to stm32f4xx_rcc.o(.text) for RCC_AHB1PeriphClockCmd
    usart3.o(.text) refers to stm32f4xx_gpio.o(.text) for GPIO_Init
    usart3.o(.text) refers to misc.o(.text) for NVIC_Init
    usart3.o(.text) refers to timer.o(.text) for TIM7_Int_Init
    usart3.o(.text) refers to c89vsprintf.o(.text) for __c89vsprintf
    usart3.o(.text) refers to strlen.o(.text) for strlen
    usart3.o(.text) refers to usart3.o(.data) for USART3_RX_STA
    usart3.o(.text) refers to usart3.o(.bss) for USART3_RX_BUF
    pwm.o(.text) refers to stm32f4xx_rcc.o(.text) for RCC_APB1PeriphClockCmd
    pwm.o(.text) refers to stm32f4xx_tim.o(.text) for TIM_TimeBaseInit
    pwm.o(.text) refers to misc.o(.text) for NVIC_Init
    pwm.o(.text) refers to dflt_clz.o(x$fpl$dfltu) for __aeabi_ui2d
    pwm.o(.text) refers to dfixu.o(x$fpl$dfixu) for __aeabi_d2uiz
    pwm.o(.text) refers to pwm.o(.data) for step
    pwm.o(.text) refers to motorlei.o(.data) for motor1
    pwm.o(.text) refers to posswitch.o(.data) for Pswitch
    pwm.o(.text) refers to lightswitch.o(.data) for lswitch
    relays.o(.text) refers to stm32f4xx_gpio.o(.text) for GPIO_Init
    relays.o(.text) refers to relays.o(.bss) for isopen
    relays.o(.data) refers to relays.o(.text) for relays_Init
    posswitch.o(.text) refers to stm32f4xx_rcc.o(.text) for RCC_AHB1PeriphClockCmd
    posswitch.o(.text) refers to stm32f4xx_gpio.o(.text) for GPIO_Init
    posswitch.o(.text) refers to posswitch.o(.bss) for pisopened
    posswitch.o(.text) refers to posswitch.o(.data) for state
    posswitch.o(.data) refers to posswitch.o(.text) for posswitch_Init
    lightswitch.o(.text) refers to stm32f4xx_rcc.o(.text) for RCC_AHB1PeriphClockCmd
    lightswitch.o(.text) refers to stm32f4xx_gpio.o(.text) for GPIO_Init
    lightswitch.o(.text) refers to lightswitch.o(.data) for lisopened
    lightswitch.o(.data) refers to lightswitch.o(.text) for lgpio_init
    adc.o(.text) refers to stm32f4xx_rcc.o(.text) for RCC_AHB1PeriphClockCmd
    adc.o(.text) refers to stm32f4xx_gpio.o(.text) for GPIO_Init
    adc.o(.text) refers to stm32f4xx_adc.o(.text) for ADC_CommonInit
    adc.o(.text) refers to delay.o(.text) for delay_ms
    motorlei.o(.text) refers to _printf_percent.o(.ARM.Collect$$_printf_percent$$00000000) for _printf_percent
[...]
    _printf_percent_end                      0x080002c9   Thumb Code     0  _printf_percent_end.o(.ARM.Collect$$_printf_percent$$00000017)
    __rt_lib_init                            0x080002cd   Thumb Code     0  libinit.o(.ARM.Collect$$libinit$$00000000)
    __rt_lib_init_fp_1                       0x080002cf   Thumb Code     0  libinit2.o(.ARM.Collect$$libinit$$00000001)
    __rt_lib_init_heap_1                     0x080002d3   Thumb Code     0  libinit2.o(.ARM.Collect$$libinit$$0000000A)
    __rt_lib_init_lc_common                  0x080002d3   Thumb Code     0  libinit2.o(.ARM.Collect$$libinit$$0000000F)
    __rt_lib_init_preinit_1                  0x080002d3   Thumb Code     0  libinit2.o(.ARM.Collect$$libinit$$00000004)
    __rt_lib_init_rand_1                     0x080002d3   Thumb Code     0  libinit2.o(.ARM.Collect$$libinit$$0000000E)
    __rt_lib_init_user_alloc_1               0x080002d3   Thumb Code     0  libinit2.o(.ARM.Collect$$libinit$$0000000C)
    __rt_lib_init_lc_collate_1               0x080002d9   Thumb Code     0  libinit2.o(.ARM.Collect$$libinit$$00000011)
    __rt_lib_init_lc_ctype_2                 0x080002d9   Thumb Code     0  libinit2.o(.ARM.Collect$$libinit$$00000012)
    __rt_lib_init_lc_ctype_1                 0x080002e5   Thumb Code     0  libinit2.o(.ARM.Collect$$libinit$$00000013)
    __rt_lib_init_lc_monetary_1              0x080002e5   Thumb Code     0  libinit2.o(.ARM.Collect$$libinit$$00000015)
    __rt_lib_init_lc_numeric_2               0x080002e5   Thumb Code     0  libinit2.o(.ARM.Collect$$libinit$$00000016)
    __rt_lib_init_alloca_1                   0x080002ef   Thumb Code     0  libinit2.o(.ARM.Collect$$libinit$$0000002E)
    __rt_lib_init_argv_1                     0x080002ef   Thumb Code     0  libinit2.o(.ARM.Collect$$libinit$$0000002C)
    __rt_lib_init_atexit_1                   0x080002ef   Thumb Code     0  libinit2.o(.ARM.Collect$$libinit$$0000001B)
    __rt_lib_init_clock_1                    0x080002ef   Thumb Code     0  libinit2.o(.ARM.Collect$$libinit$$00000021)
    __rt_lib_init_cpp_1                      0x080002ef   Thumb Code     0  libinit2.o(.ARM.Collect$$libinit$$00000032)
    __rt_lib_init_exceptions_1               0x080002ef   Thumb Code     0  libinit2.o(.ARM.Collect$$libinit$$00000030)
    __rt_lib_init_fp_trap_1                  0x080002ef   Thumb Code     0  libinit2.o(.ARM.Collect$$libinit$$0000001F)
    __rt_lib_init_getenv_1                   0x080002ef   Thumb Code     0  libinit2.o(.ARM.Collect$$libinit$$00000023)
    __rt_lib_init_lc_numeric_1               0x080002ef   Thumb Code     0  libinit2.o(.ARM.Collect$$libinit$$00000017)
    __rt_lib_init_lc_time_1                  0x080002ef   Thumb Code     0  libinit2.o(.ARM.Collect$$libinit$$00000019)
    __rt_lib_init_return                     0x080002ef   Thumb Code     0  libinit2.o(.ARM.Collect$$libinit$$00000033)
    __rt_lib_init_signal_1                   0x080002ef   Thumb Code     0  libinit2.o(.ARM.Collect$$libinit$$0000001D)
    __rt_lib_init_stdio_1                    0x080002ef   Thumb Code     0  libinit2.o(.ARM.Collect$$libinit$$00000025)
    __rt_lib_shutdown                        0x080002f1   Thumb Code     0  libshutdown.o(.ARM.Collect$$libshutdown$$00000000)
    __rt_lib_shutdown_fp_trap_1              0x080002f3   Thumb Code     0  libshutdown2.o(.ARM.Collect$$libshutdown$$00000006)
    __rt_lib_shutdown_heap_1                 0x080002f3   Thumb Code     0  libshutdown2.o(.ARM.Collect$$libshutdown$$0000000E)
    __rt_lib_shutdown_return                 0x080002f3   Thumb Code     0  libshutdown2.o(.ARM.Collect$$libshutdown$$0000000F)
    __rt_lib_shutdown_signal_1               0x080002f3   Thumb Code     0  libshutdown2.o(.ARM.Collect$$libshutdown$$00000009)
    __rt_lib_shutdown_stdio_1                0x080002f3   Thumb Code     0  libshutdown2.o(.ARM.Collect$$libshutdown$$00000003)
    __rt_lib_shutdown_user_alloc_1           0x080002f3   Thumb Code     0  libshutdown2.o(.ARM.Collect$$libshutdown$$0000000B)
    __rt_entry                               0x080002f5   Thumb Code     0  __rtentry.o(.ARM.Collect$$rtentry$$00000000)
    __rt_entry_presh_1                       0x080002f5   Thumb Code     0  __rtentry2.o(.ARM.Collect$$rtentry$$00000002)
    __rt_entry_sh                            0x080002f5   Thumb Code     0  __rtentry4.o(.ARM.Collect$$rtentry$$00000004)
    __rt_entry_li                            0x080002fb   Thumb Code     0  __rtentry2.o(.ARM.Collect$$rtentry$$0000000A)
    __rt_entry_postsh_1                      0x080002fb   Thumb Code     0  __rtentry2.o(.ARM.Collect$$rtentry$$00000009)
    __rt_entry_main                          0x080002ff   Thumb Code     0  __rtentry2.o(.ARM.Collect$$rtentry$$0000000D)
    __rt_entry_postli_1                      0x080002ff   Thumb Code     0  __rtentry2.o(.ARM.Collect$$rtentry$$0000000C)
    __rt_exit                                0x08000307   Thumb Code     0  rtexit.o(.ARM.Collect$$rtexit$$00000000)
    __rt_exit_ls                             0x08000309   Thumb Code     0  rtexit2.o(.ARM.Collect$$rtexit$$00000003)
    __rt_exit_prels_1                        0x08000309   Thumb Code     0  rtexit2.o(.ARM.Collect$$rtexit$$00000002)
    __rt_exit_exit                           0x0800030d   Thumb Code     0  rtexit2.o(.ARM.Collect$$rtexit$$00000004)
    allrun                                   0x08000315   Thumb Code   112  main.o(.text)
    u3_processing                            0x08000385   Thumb Code   440  main.o(.text)
    main                                     0x0800053d   Thumb Code   976  main.o(.text)
    setstart                                 0x0800090d   Thumb Code     6  main.o(.text)
    NMI_Handler                              0x08000929   Thumb Code     2  stm32f4xx_it.o(.text)
    HardFault_Handler                        0x0800092b   Thumb Code     4  stm32f4xx_it.o(.text)
    MemManage_Handler                        0x0800092f   Thumb Code     4  stm32f4xx_it.o(.text)
    BusFault_Handler                         0x08000933   Thumb Code     4  stm32f4xx_it.o(.text)
    UsageFault_Handler                       0x08000937   Thumb Code     4  stm32f4xx_it.o(.text)
    SVC_Handler                              0x0800093b   Thumb Code     2  stm32f4xx_it.o(.text)
    DebugMon_Handler                         0x0800093d   Thumb Code     2  stm32f4xx_it.o(.text)
    PendSV_Handler                           0x0800093f   Thumb Code     2  stm32f4xx_it.o(.text)
    SysTick_Handler                          0x08000941   Thumb Code     2  stm32f4xx_it.o(.text)
    SystemInit                               0x08000a21   Thumb Code    88  system_stm32f4xx.o(.text)
    SystemCoreClockUpdate                    0x08000a79   Thumb Code   174  system_stm32f4xx.o(.text)
    KEY_Init                                 0x08000b55   Thumb Code    60  key.o(.text)
    KEY_Scan                                 0x08000b91   Thumb Code   188  key.o(.text)
    TIM7_IRQHandler                          0x08000c59   Thumb Code    42  timer.o(.text)
    TIM7_Int_Init                            0x08000c83   Thumb Code    86  timer.o(.text)
    USART3_IRQHandler                        0x08000ce1   Thumb Code    96  usart3.o(.text)
    usart3_init                              0x08000d41   Thumb Code   196  usart3.o(.text)
    u3_printf                                0x08000e05   Thumb Code    72  usart3.o(.text)
    TIM14_TIME_Init                          0x08000e65   Thumb Code    92  pwm.o(.text)
    TIM13_TIME_Init                          0x08000ec1   Thumb Code   110  pwm.o(.text)
    TIM9_TIME_Init                           0x08000f2f   Thumb Code    90  pwm.o(.text)
    GetMotorstep                             0x08000f89   Thumb Code    16  pwm.o(.text)
    SetMotorstep                             0x08000f99   Thumb Code    32  pwm.o(.text)
    TIM14_Configuration                      0x08000fb9   Thumb Code    12  pwm.o(.text)
    TIM8_TRG_COM_TIM14_IRQHandler            0x08000fc5   Thumb Code   372  pwm.o(.text)
    TIM13_Configuration                      0x08001139   Thumb Code    18  pwm.o(.text)
    TIM8_UP_TIM13_IRQHandler                 0x0800114b   Thumb Code   522  pwm.o(.text)
    TIM9_Configuration                       0x08001355   Thumb Code    12  pwm.o(.text)
    TIM1_BRK_TIM9_IRQHandler                 0x08001361   Thumb Code   372  pwm.o(.text)
    isopened                                 0x080014f1   Thumb Code    12  relays.o(.text)
    gpio_init                                0x080014fd   Thumb Code    72  relays.o(.text)
    relays_Init                              0x08001545   Thumb Code     8  relays.o(.text)
    relays_control                           0x0800154d   Thumb Code   150  relays.o(.text)
    swgpio_init                              0x080015ed   Thumb Code    42  posswitch.o(.text)
    posswitch_Init                           0x08001617   Thumb Code     8  posswitch.o(.text)
    pisopen                                  0x0800161f   Thumb Code   116  posswitch.o(.text)
    lgpio_init                               0x080016a1   Thumb Code    42  lightswitch.o(.text)
    lightswitch_Init                         0x080016cb   Thumb Code     8  lightswitch.o(.text)
    light_isopen                             0x080016d3   Thumb Code    72  lightswitch.o(.text)
    motorinit                                0x08001729   Thumb Code    68  motorlei.o(.text)
    MOTOR_calculate                          0x0800176d   Thumb Code   738  motorlei.o(.text)
    MOTOR_Sec_calculate                      0x08001a4f   Thumb Code    86  motorlei.o(.text)
    MOTOR_SecondRun                          0x08001aa5   Thumb Code   344  motorlei.o(.text)
    MOTOR_run                                0x08001bfd   Thumb Code   142  motorlei.o(.text)
    Motors_Init                              0x08001c8b   Thumb Code    92  motorlei.o(.text)
    movetoinit                               0x08001ce7   Thumb Code   212  motorlei.o(.text)
    uptostart                                0x08001dbb   Thumb Code   130  motorlei.o(.text)
    downtolight                              0x08001e3d   Thumb Code   152  motorlei.o(.text)
    down                                     0x08001ed5   Thumb Code   268  motorlei.o(.text)
    secstep                                  0x08001fe1   Thumb Code   204  motorlei.o(.text)
    firststep                                0x080020ad   Thumb Code   200  motorlei.o(.text)
    TIM12_TIME_Init                          0x0800218d   Thumb Code   102  max6675.o(.text)
    TIM11_TIME_Init                          0x080021f3   Thumb Code   102  max6675.o(.text)
    SPI_MAX6675_Init                         0x08002259   Thumb Code   606  max6675.o(.text)
    SPI1_SetSpeed                            0x080024b7   Thumb Code    36  max6675.o(.text)
    read3                                    0x080024db   Thumb Code   130  max6675.o(.text)
    read1                                    0x0800255d   Thumb Code   166  max6675.o(.text)
    MAX6675_SPI1_ReadWriteByte               0x08002603   Thumb Code    50  max6675.o(.text)
    MAX6675_SPI2_ReadWriteByte               0x08002635   Thumb Code    50  max6675.o(.text)
    MAX6675_SPI3_ReadWriteByte               0x08002667   Thumb Code    50  max6675.o(.text)
    max6675_read_be                          0x08002699   Thumb Code   262  max6675.o(.text)
    max6675_read                             0x0800279f   Thumb Code   244  max6675.o(.text)
    PIDcontrol                               0x08002893   Thumb Code   146  max6675.o(.text)
    TIM8_BRK_TIM12_IRQHandler                0x08002925   Thumb Code   250  max6675.o(.text)
    TIM1_TRG_COM_TIM11_IRQHandler            0x08002a1f   Thumb Code    46  max6675.o(.text)
    pid_controlopen                          0x08002a4d   Thumb Code   104  max6675.o(.text)
    setpid                                   0x08002ae9   Thumb Code   106  pid.o(.text)
    limit                                    0x08002b53   Thumb Code    14  pid.o(.text)
    pidoutput                                0x08002b61   Thumb Code   240  pid.o(.text)
    showpid                                  0x08002c51   Thumb Code   376  pid.o(.text)
    Dcmotor_Gpioinit                         0x08002e99   Thumb Code     2  dcmotor.o(.text)
    TIM3_PWM_Init                            0x08002e9b   Thumb Code   230  dcmotor.o(.text)
    Dcmotor_init                             0x08002f81   Thumb Code    14  dcmotor.o(.text)
    Dcmotor_run                              0x08002f8f   Thumb Code    76  dcmotor.o(.text)
    Dcmotor_stop                             0x08002fdb   Thumb Code    84  dcmotor.o(.text)
    Dcmotor_set                              0x0800302f   Thumb Code    60  dcmotor.o(.text)
    hxinit                                   0x08003085   Thumb Code    88  hx711.o(.text)
    Read_HX711                               0x080030dd   Thumb Code   128  hx711.o(.text)
    Read_HX711_fin                           0x0800315d   Thumb Code   140  hx711.o(.text)
    weighfilter                              0x080031e9   Thumb Code   214  hx711.o(.text)
    isstabled                                0x080032bf   Thumb Code    92  hx711.o(.text)
    hx_set                                   0x0800331b   Thumb Code    66  hx711.o(.text)
    hx_cal                                   0x0800335d   Thumb Code    98  hx711.o(.text)
    returnzero                               0x080033bf   Thumb Code    22  hx711.o(.text)
    delay_init                               0x08003425   Thumb Code    52  delay.o(.text)
    delay_us                                 0x08003459   Thumb Code    72  delay.o(.text)
    delay_xms                                0x080034a1   Thumb Code    72  delay.o(.text)
    delay_ms                                 0x080034e9   Thumb Code    56  delay.o(.text)
    _sys_exit                                0x08003529   Thumb Code     6  usart.o(.text)
    fputc                                    0x0800352f   Thumb Code    22  usart.o(.text)
    uart_init                                0x08003545   Thumb Code   172  usart.o(.text)
    USART1_IRQHandler                        0x080035f1   Thumb Code   122  usart.o(.text)
    Reset_Handler                            0x0800367d   Thumb Code     8  startup_stm32f40_41xxx.o(.text)
    ADC_IRQHandler                           0x08003697   Thumb Code     0  startup_stm32f40_41xxx.o(.text)
    CAN1_RX0_IRQHandler                      0x08003697   Thumb Code     0  startup_stm32f40_41xxx.o(.text)
    CAN1_RX1_IRQHandler                      0x08003697   Thumb Code     0  startup_stm32f40_41xxx.o(.text)
    CAN1_SCE_IRQHandler                      0x08003697   Thumb Code     0  startup_stm32f40_41xxx.o(.text)
    CAN1_TX_IRQHandler                       0x08003697   Thumb Code     0  startup_stm32f40_41xxx.o(.text)
    CAN2_RX0_IRQHandler                      0x08003697   Thumb Code     0  startup_stm32f40_41xxx.o(.text)
    CAN2_RX1_IRQHandler                      0x08003697   Thumb Code     0  startup_stm32f40_41xxx.o(.text)
    CAN2_SCE_IRQHandler                      0x08003697   Thumb Code     0  startup_stm32f40_41xxx.o(.text)
    CAN2_TX_IRQHandler                       0x08003697   Thumb Code     0  startup_stm32f40_41xxx.o(.text)
    CRYP_IRQHandler                          0x08003697   Thumb Code     0  startup_stm32f40_41xxx.o(.text)
    DCMI_IRQHandler                          0x08003697   Thumb Code     0  startup_stm32f40_41xxx.o(.text)
    DMA1_Stream0_IRQHandler                  0x08003697   Thumb Code     0  startup_stm32f40_41xxx.o(.text)
    DMA1_Stream1_IRQHandler                  0x08003697   Thumb Code     0  startup_stm32f40_41xxx.o(.text)
    DMA1_Stream2_IRQHandler                  0x08003697   Thumb Code     0  startup_stm32f40_41xxx.o(.text)
    DMA1_Stream3_IRQHandler                  0x08003697   Thumb Code     0  startup_stm32f40_41xxx.o(.text)
    DMA1_Stream4_IRQHandler                  0x08003697   Thumb Code     0  startup_stm32f40_41xxx.o(.text)
    DMA1_Stream5_IRQHandler                  0x08003697   Thumb Code     0  startup_stm32f40_41xxx.o(.text)
    DMA1_Stream6_IRQHandler                  0x08003697   Thumb Code     0  startup_stm32f40_41xxx.o(.text)
    DMA1_Stream7_IRQHandler                  0x08003697   Thumb Code     0  startup_stm32f40_41xxx.o(.text)
    DMA2_Stream0_IRQHandler                  0x08003697   Thumb Code     0  startup_stm32f40_41xxx.o(.text)
    DMA2_Stream1_IRQHandler                  0x08003697   Thumb Code     0  startup_stm32f40_41xxx.o(.text)
    DMA2_Stream2_IRQHandler                  0x08003697   Thumb Code     0  startup_stm32f40_41xxx.o(.text)
    DMA2_Stream3_IRQHandler                  0x08003697   Thumb Code     0  startup_stm32f40_41xxx.o(.text)
    DMA2_Stream4_IRQHandler                  0x08003697   Thumb Code     0  startup_stm32f40_41xxx.o(.text)
    DMA2_Stream5_IRQHandler                  0x08003697   Thumb Code     0  startup_stm32f40_41xxx.o(.text)
    DMA2_Stream6_IRQHandler                  0x08003697   Thumb Code     0  startup_stm32f40_41xxx.o(.text)
    DMA2_Stream7_IRQHandler                  0x08003697   Thumb Code     0  startup_stm32f40_41xxx.o(.text)
    ETH_IRQHandler                           0x08003697   Thumb Code     0  startup_stm32f40_41xxx.o(.text)
    ETH_WKUP_IRQHandler                      0x08003697   Thumb Code     0  startup_stm32f40_41xxx.o(.text)
    EXTI0_IRQHandler                         0x08003697   Thumb Code     0  startup_stm32f40_41xxx.o(.text)
    EXTI15_10_IRQHandler                     0x08003697   Thumb Code     0  startup_stm32f40_41xxx.o(.text)
    EXTI1_IRQHandler                         0x08003697   Thumb Code     0  startup_stm32f40_41xxx.o(.text)
    EXTI2_IRQHandler                         0x08003697   Thumb Code     0  startup_stm32f40_41xxx.o(.text)
    EXTI3_IRQHandler                         0x08003697   Thumb Code     0  startup_stm32f40_41xxx.o(.text)
    EXTI4_IRQHandler                         0x08003697   Thumb Code     0  startup_stm32f40_41xxx.o(.text)
    EXTI9_5_IRQHandler                       0x08003697   Thumb Code     0  startup_stm32f40_41xxx.o(.text)
    FLASH_IRQHandler                         0x08003697   Thumb Code     0  startup_stm32f40_41xxx.o(.text)
    FPU_IRQHandler                           0x08003697   Thumb Code     0  startup_stm32f40_41xxx.o(.text)
    FSMC_IRQHandler                          0x08003697   Thumb Code     0  startup_stm32f40_41xxx.o(.text)
    HASH_RNG_IRQHandler                      0x08003697   Thumb Code     0  startup_stm32f40_41xxx.o(.text)
    I2C1_ER_IRQHandler                       0x08003697   Thumb Code     0  startup_stm32f40_41xxx.o(.text)
    I2C1_EV_IRQHandler                       0x08003697   Thumb Code     0  startup_stm32f40_41xxx.o(.text)
    I2C2_ER_IRQHandler                       0x08003697   Thumb Code     0  startup_stm32f40_41xxx.o(.text)
    I2C2_EV_IRQHandler                       0x08003697   Thumb Code     0  startup_stm32f40_41xxx.o(.text)
    I2C3_ER_IRQHandler                       0x08003697   Thumb Code     0  startup_stm32f40_41xxx.o(.text)
    I2C3_EV_IRQHandler                       0x08003697   Thumb Code     0  startup_stm32f40_41xxx.o(.text)
    OTG_FS_IRQHandler                        0x08003697   Thumb Code     0  startup_stm32f40_41xxx.o(.text)
    OTG_FS_WKUP_IRQHandler                   0x08003697   Thumb Code     0  startup_stm32f40_41xxx.o(.text)
    OTG_HS_EP1_IN_IRQHandler                 0x08003697   Thumb Code     0  startup_stm32f40_41xxx.o(.text)
    OTG_HS_EP1_OUT_IRQHandler                0x08003697   Thumb Code     0  startup_stm32f40_41xxx.o(.text)
    OTG_HS_IRQHandler                        0x08003697   Thumb Code     0  startup_stm32f40_41xxx.o(.text)
    OTG_HS_WKUP_IRQHandler                   0x08003697   Thumb Code     0  startup_stm32f40_41xxx.o(.text)
    PVD_IRQHandler                           0x08003697   Thumb Code     0  startup_stm32f40_41xxx.o(.text)
    RCC_IRQHandler                           0x08003697   Thumb Code     0  startup_stm32f40_41xxx.o(.text)
    RTC_Alarm_IRQHandler                     0x08003697   Thumb Code     0  startup_stm32f40_41xxx.o(.text)
    RTC_WKUP_IRQHandler                      0x08003697   Thumb Code     0  startup_stm32f40_41xxx.o(.text)
    SDIO_IRQHandler                          0x08003697   Thumb Code     0  startup_stm32f40_41xxx.o(.text)
    SPI1_IRQHandler                          0x08003697   Thumb Code     0  startup_stm32f40_41xxx.o(.text)
    SPI2_IRQHandler                          0x08003697   Thumb Code     0  startup_stm32f40_41xxx.o(.text)
    SPI3_IRQHandler                          0x08003697   Thumb Code     0  startup_stm32f40_41xxx.o(.text)
    TAMP_STAMP_IRQHandler                    0x08003697   Thumb Code     0  startup_stm32f40_41xxx.o(.text)
    TIM1_CC_IRQHandler                       0x08003697   Thumb Code     0  startup_stm32f40_41xxx.o(.text)
    TIM1_UP_TIM10_IRQHandler                 0x08003697   Thumb Code     0  startup_stm32f40_41xxx.o(.text)
    TIM2_IRQHandler                          0x08003697   Thumb Code     0  startup_stm32f40_41xxx.o(.text)
    TIM3_IRQHandler                          0x08003697   Thumb Code     0  startup_stm32f40_41xxx.o(.text)
    TIM5_IRQHandler                          0x08003697   Thumb Code     0  startup_stm32f40_41xxx.o(.text)
    TIM6_DAC_IRQHandler                      0x08003697   Thumb Code     0  startup_stm32f40_41xxx.o(.text)
    TIM8_CC_IRQHandler                       0x08003697   Thumb Code     0  startup_stm32f40_41xxx.o(.text)
    UART4_IRQHandler                         0x08003697   Thumb Code     0  startup_stm32f40_41xxx.o(.text)
    UART5_IRQHandler                         0x08003697   Thumb Code     0  startup_stm32f40_41xxx.o(.text)
    USART2_IRQHandler                        0x08003697   Thumb Code     0  startup_stm32f40_41xxx.o(.text)
    USART6_IRQHandler                        0x08003697   Thumb Code     0  startup_stm32f40_41xxx.o(.text)
    WWDG_IRQHandler                          0x08003697   Thumb Code     0  startup_stm32f40_41xxx.o(.text)
    __user_initial_stackheap                 0x08003699   Thumb Code     0  startup_stm32f40_41xxx.o(.text)
    NVIC_PriorityGroupConfig                 0x080036bd   Thumb Code    10  misc.o(.text)
    NVIC_Init                                0x080036c7   Thumb Code   106  misc.o(.text)
    NVIC_SetVectorTable                      0x08003731   Thumb Code    14  misc.o(.text)
    NVIC_SystemLPConfig                      0x0800373f   Thumb Code    34  misc.o(.text)
    SysTick_CLKSourceConfig                  0x08003761   Thumb Code    40  misc.o(.text)
    GPIO_DeInit                              0x0800379d   Thumb Code   268  stm32f4xx_gpio.o(.text)
    GPIO_Init                                0x080038a9   Thumb Code   144  stm32f4xx_gpio.o(.text)
    GPIO_StructInit                          0x08003939   Thumb Code    18  stm32f4xx_gpio.o(.text)
    GPIO_PinLockConfig                       0x0800394b   Thumb Code    34  stm32f4xx_gpio.o(.text)
    GPIO_ReadInputDataBit                    0x0800396d   Thumb Code    18  stm32f4xx_gpio.o(.text)
    GPIO_ReadInputData                       0x0800397f   Thumb Code     8  stm32f4xx_gpio.o(.text)
    GPIO_ReadOutputDataBit                   0x08003987   Thumb Code    18  stm32f4xx_gpio.o(.text)
    GPIO_ReadOutputData                      0x08003999   Thumb Code     8  stm32f4xx_gpio.o(.text)
    GPIO_SetBits                             0x080039a1   Thumb Code     4  stm32f4xx_gpio.o(.text)
    GPIO_ResetBits                           0x080039a5   Thumb Code     4  stm32f4xx_gpio.o(.text)
    GPIO_WriteBit                            0x080039a9   Thumb Code    10  stm32f4xx_gpio.o(.text)
    GPIO_Write                               0x080039b3   Thumb Code     4  stm32f4xx_gpio.o(.text)
    GPIO_ToggleBits                          0x080039b7   Thumb Code     8  stm32f4xx_gpio.o(.text)
    GPIO_PinAFConfig                         0x080039bf   Thumb Code    70  stm32f4xx_gpio.o(.text)
    RCC_DeInit                               0x08003a31   Thumb Code    82  stm32f4xx_rcc.o(.text)
    RCC_HSEConfig                            0x08003a83   Thumb Code    14  stm32f4xx_rcc.o(.text)
    RCC_GetFlagStatus                        0x08003a91   Thumb Code    60  stm32f4xx_rcc.o(.text)
    RCC_WaitForHSEStartUp                    0x08003acd   Thumb Code    56  stm32f4xx_rcc.o(.text)
    RCC_AdjustHSICalibrationValue            0x08003b05   Thumb Code    20  stm32f4xx_rcc.o(.text)
    RCC_HSICmd                               0x08003b19   Thumb Code     6  stm32f4xx_rcc.o(.text)
    RCC_LSEConfig                            0x08003b1f   Thumb Code    46  stm32f4xx_rcc.o(.text)
    RCC_LSICmd                               0x08003b4d   Thumb Code     6  stm32f4xx_rcc.o(.text)
    RCC_PLLConfig                            0x08003b53   Thumb Code    32  stm32f4xx_rcc.o(.text)
    RCC_PLLCmd                               0x08003b73   Thumb Code     6  stm32f4xx_rcc.o(.text)
    RCC_PLLI2SConfig                         0x08003b79   Thumb Code    14  stm32f4xx_rcc.o(.text)
    RCC_PLLI2SCmd                            0x08003b87   Thumb Code     6  stm32f4xx_rcc.o(.text)
    RCC_PLLSAIConfig                         0x08003b8d   Thumb Code    20  stm32f4xx_rcc.o(.text)
    RCC_PLLSAICmd                            0x08003ba1   Thumb Code     6  stm32f4xx_rcc.o(.text)
    RCC_ClockSecuritySystemCmd               0x08003ba7   Thumb Code     6  stm32f4xx_rcc.o(.text)
    RCC_MCO1Config                           0x08003bad   Thumb Code    28  stm32f4xx_rcc.o(.text)
    RCC_MCO2Config                           0x08003bc9   Thumb Code    28  stm32f4xx_rcc.o(.text)
    RCC_SYSCLKConfig                         0x08003be5   Thumb Code    20  stm32f4xx_rcc.o(.text)
    RCC_GetSYSCLKSource                      0x08003bf9   Thumb Code    12  stm32f4xx_rcc.o(.text)
    RCC_HCLKConfig                           0x08003c05   Thumb Code    20  stm32f4xx_rcc.o(.text)
    RCC_PCLK1Config                          0x08003c19   Thumb Code    20  stm32f4xx_rcc.o(.text)
    RCC_PCLK2Config                          0x08003c2d   Thumb Code    22  stm32f4xx_rcc.o(.text)
    RCC_GetClocksFreq                        0x08003c43   Thumb Code   222  stm32f4xx_rcc.o(.text)
    RCC_RTCCLKConfig                         0x08003d21   Thumb Code    54  stm32f4xx_rcc.o(.text)
    RCC_RTCCLKCmd                            0x08003d57   Thumb Code     8  stm32f4xx_rcc.o(.text)
    RCC_BackupResetCmd                       0x08003d5f   Thumb Code     8  stm32f4xx_rcc.o(.text)
    RCC_I2SCLKConfig                         0x08003d67   Thumb Code     6  stm32f4xx_rcc.o(.text)
    RCC_SAIPLLI2SClkDivConfig                0x08003d6d   Thumb Code    26  stm32f4xx_rcc.o(.text)
    RCC_SAIPLLSAIClkDivConfig                0x08003d87   Thumb Code    28  stm32f4xx_rcc.o(.text)
    RCC_SAIBlockACLKConfig                   0x08003da3   Thumb Code    20  stm32f4xx_rcc.o(.text)
    RCC_SAIBlockBCLKConfig                   0x08003db7   Thumb Code    20  stm32f4xx_rcc.o(.text)
    RCC_LTDCCLKDivConfig                     0x08003dcb   Thumb Code    20  stm32f4xx_rcc.o(.text)
    RCC_TIMCLKPresConfig                     0x08003ddf   Thumb Code     6  stm32f4xx_rcc.o(.text)
    RCC_AHB1PeriphClockCmd                   0x08003de5   Thumb Code    34  stm32f4xx_rcc.o(.text)
    RCC_AHB2PeriphClockCmd                   0x08003e07   Thumb Code    78  stm32f4xx_rcc.o(.text)
    RCC_AHB3PeriphClockCmd                   0x08003e55   Thumb Code    34  stm32f4xx_rcc.o(.text)
    RCC_APB1PeriphClockCmd                   0x08003e77   Thumb Code    34  stm32f4xx_rcc.o(.text)
    RCC_APB2PeriphClockCmd                   0x08003e99   Thumb Code    34  stm32f4xx_rcc.o(.text)
    RCC_AHB1PeriphResetCmd                   0x08003ebb   Thumb Code    34  stm32f4xx_rcc.o(.text)
    RCC_AHB2PeriphResetCmd                   0x08003edd   Thumb Code    34  stm32f4xx_rcc.o(.text)
    RCC_AHB3PeriphResetCmd                   0x08003eff   Thumb Code    34  stm32f4xx_rcc.o(.text)
    RCC_APB1PeriphResetCmd                   0x08003f21   Thumb Code    34  stm32f4xx_rcc.o(.text)
    RCC_APB2PeriphResetCmd                   0x08003f43   Thumb Code    34  stm32f4xx_rcc.o(.text)
    RCC_AHB1PeriphClockLPModeCmd             0x08003f65   Thumb Code    34  stm32f4xx_rcc.o(.text)
    RCC_AHB2PeriphClockLPModeCmd             0x08003f87   Thumb Code    34  stm32f4xx_rcc.o(.text)
    RCC_AHB3PeriphClockLPModeCmd             0x08003fa9   Thumb Code    34  stm32f4xx_rcc.o(.text)
    RCC_APB1PeriphClockLPModeCmd             0x08003fcb   Thumb Code    34  stm32f4xx_rcc.o(.text)
    RCC_APB2PeriphClockLPModeCmd             0x08003fed   Thumb Code    34  stm32f4xx_rcc.o(.text)
    RCC_LSEModeConfig                        0x0800400f   Thumb Code    40  stm32f4xx_rcc.o(.text)
    RCC_ITConfig                             0x08004037   Thumb Code    34  stm32f4xx_rcc.o(.text)
    RCC_ClearFlag                            0x08004059   Thumb Code    18  stm32f4xx_rcc.o(.text)
    RCC_GetITStatus                          0x0800406b   Thumb Code    22  stm32f4xx_rcc.o(.text)
    RCC_ClearITPendingBit                    0x08004081   Thumb Code     8  stm32f4xx_rcc.o(.text)
    USART_DeInit                             0x0800408d   Thumb Code   206  stm32f4xx_usart.o(.text)
    USART_Init                               0x0800415b   Thumb Code   204  stm32f4xx_usart.o(.text)
    USART_StructInit                         0x08004227   Thumb Code    24  stm32f4xx_usart.o(.text)
    USART_ClockInit                          0x0800423f   Thumb Code    32  stm32f4xx_usart.o(.text)
    USART_ClockStructInit                    0x0800425f   Thumb Code    12  stm32f4xx_usart.o(.text)
    USART_Cmd                                0x0800426b   Thumb Code    24  stm32f4xx_usart.o(.text)
    USART_SetPrescaler                       0x08004283   Thumb Code    16  stm32f4xx_usart.o(.text)
    USART_OverSampling8Cmd                   0x08004293   Thumb Code    22  stm32f4xx_usart.o(.text)
    USART_OneBitMethodCmd                    0x080042a9   Thumb Code    24  stm32f4xx_usart.o(.text)
    USART_SendData                           0x080042c1   Thumb Code     8  stm32f4xx_usart.o(.text)
    USART_ReceiveData                        0x080042c9   Thumb Code    10  stm32f4xx_usart.o(.text)
    USART_SetAddress                         0x080042d3   Thumb Code    18  stm32f4xx_usart.o(.text)
    USART_ReceiverWakeUpCmd                  0x080042e5   Thumb Code    24  stm32f4xx_usart.o(.text)
    USART_WakeUpConfig                       0x080042fd   Thumb Code    18  stm32f4xx_usart.o(.text)
    USART_LINBreakDetectLengthConfig         0x0800430f   Thumb Code    18  stm32f4xx_usart.o(.text)
    USART_LINCmd                             0x08004321   Thumb Code    24  stm32f4xx_usart.o(.text)
    USART_SendBreak                          0x08004339   Thumb Code    10  stm32f4xx_usart.o(.text)
    USART_HalfDuplexCmd                      0x08004343   Thumb Code    24  stm32f4xx_usart.o(.text)
    USART_SetGuardTime                       0x0800435b   Thumb Code    16  stm32f4xx_usart.o(.text)
    USART_SmartCardCmd                       0x0800436b   Thumb Code    24  stm32f4xx_usart.o(.text)
    USART_SmartCardNACKCmd                   0x08004383   Thumb Code    24  stm32f4xx_usart.o(.text)
    USART_IrDAConfig                         0x0800439b   Thumb Code    18  stm32f4xx_usart.o(.text)
    USART_IrDACmd                            0x080043ad   Thumb Code    24  stm32f4xx_usart.o(.text)
    USART_DMACmd                             0x080043c5   Thumb Code    18  stm32f4xx_usart.o(.text)
    USART_ITConfig                           0x080043d7   Thumb Code    74  stm32f4xx_usart.o(.text)
    USART_GetFlagStatus                      0x08004421   Thumb Code    26  stm32f4xx_usart.o(.text)
    USART_ClearFlag                          0x0800443b   Thumb Code    18  stm32f4xx_usart.o(.text)
    USART_GetITStatus                        0x0800444d   Thumb Code   118  stm32f4xx_usart.o(.text)
    USART_ClearITPendingBit                  0x080044c3   Thumb Code    30  stm32f4xx_usart.o(.text)
    TIM_DeInit                               0x080044e1   Thumb Code   346  stm32f4xx_tim.o(.text)
    TIM_TimeBaseInit                         0x0800463b   Thumb Code   104  stm32f4xx_tim.o(.text)
    TIM_TimeBaseStructInit                   0x080046a3   Thumb Code    18  stm32f4xx_tim.o(.text)
    TIM_PrescalerConfig                      0x080046b5   Thumb Code     6  stm32f4xx_tim.o(.text)
    TIM_CounterModeConfig                    0x080046bb   Thumb Code    18  stm32f4xx_tim.o(.text)
    TIM_SetCounter                           0x080046cd   Thumb Code     4  stm32f4xx_tim.o(.text)
    TIM_SetAutoreload                        0x080046d1   Thumb Code     4  stm32f4xx_tim.o(.text)
    TIM_GetCounter                           0x080046d5   Thumb Code     6  stm32f4xx_tim.o(.text)
    TIM_GetPrescaler                         0x080046db   Thumb Code     6  stm32f4xx_tim.o(.text)
    TIM_UpdateDisableConfig                  0x080046e1   Thumb Code    24  stm32f4xx_tim.o(.text)
    TIM_UpdateRequestConfig                  0x080046f9   Thumb Code    24  stm32f4xx_tim.o(.text)
    TIM_ARRPreloadConfig                     0x08004711   Thumb Code    24  stm32f4xx_tim.o(.text)
    TIM_SelectOnePulseMode                   0x08004729   Thumb Code    18  stm32f4xx_tim.o(.text)
    TIM_SetClockDivision                     0x0800473b   Thumb Code    18  stm32f4xx_tim.o(.text)
    TIM_Cmd                                  0x0800474d   Thumb Code    24  stm32f4xx_tim.o(.text)
    TIM_OC1Init                              0x08004765   Thumb Code   114  stm32f4xx_tim.o(.text)
    TIM_OC2Init                              0x080047d7   Thumb Code   154  stm32f4xx_tim.o(.text)
    TIM_OC3Init                              0x08004871   Thumb Code   204  stm32f4xx_tim.o(.text)
    TIM_OC4Init                              0x0800493d   Thumb Code   112  stm32f4xx_tim.o(.text)
    TIM_OCStructInit                         0x080049ad   Thumb Code    20  stm32f4xx_tim.o(.text)
    TIM_SelectOCxM                           0x080049c1   Thumb Code    86  stm32f4xx_tim.o(.text)
    TIM_SetCompare1                          0x08004a17   Thumb Code     4  stm32f4xx_tim.o(.text)
    TIM_SetCompare2                          0x08004a1b   Thumb Code     4  stm32f4xx_tim.o(.text)
    TIM_SetCompare3                          0x08004a1f   Thumb Code     4  stm32f4xx_tim.o(.text)
    TIM_SetCompare4                          0x08004a23   Thumb Code     4  stm32f4xx_tim.o(.text)
    TIM_ForcedOC1Config                      0x08004a27   Thumb Code    18  stm32f4xx_tim.o(.text)
    TIM_ForcedOC2Config                      0x08004a39   Thumb Code    26  stm32f4xx_tim.o(.text)
    TIM_ForcedOC3Config                      0x08004a53   Thumb Code    18  stm32f4xx_tim.o(.text)
    TIM_ForcedOC4Config                      0x08004a65   Thumb Code    26  stm32f4xx_tim.o(.text)
    TIM_OC1PreloadConfig                     0x08004a7f   Thumb Code    18  stm32f4xx_tim.o(.text)
    TIM_OC2PreloadConfig                     0x08004a91   Thumb Code    26  stm32f4xx_tim.o(.text)
    TIM_OC3PreloadConfig                     0x08004aab   Thumb Code    18  stm32f4xx_tim.o(.text)
    TIM_OC4PreloadConfig                     0x08004abd   Thumb Code    26  stm32f4xx_tim.o(.text)
    TIM_OC1FastConfig                        0x08004ad7   Thumb Code    18  stm32f4xx_tim.o(.text)
    TIM_OC2FastConfig                        0x08004ae9   Thumb Code    26  stm32f4xx_tim.o(.text)
    TIM_OC3FastConfig                        0x08004b03   Thumb Code    18  stm32f4xx_tim.o(.text)
    TIM_OC4FastConfig                        0x08004b15   Thumb Code    26  stm32f4xx_tim.o(.text)
    TIM_ClearOC1Ref                          0x08004b2f   Thumb Code    18  stm32f4xx_tim.o(.text)
    TIM_ClearOC2Ref                          0x08004b41   Thumb Code    24  stm32f4xx_tim.o(.text)
    TIM_ClearOC3Ref                          0x08004b59   Thumb Code    18  stm32f4xx_tim.o(.text)
    TIM_ClearOC4Ref                          0x08004b6b   Thumb Code    24  stm32f4xx_tim.o(.text)
    TIM_OC1PolarityConfig                    0x08004b83   Thumb Code    18  stm32f4xx_tim.o(.text)
    TIM_OC1NPolarityConfig                   0x08004b95   Thumb Code    18  stm32f4xx_tim.o(.text)
    TIM_OC2PolarityConfig                    0x08004ba7   Thumb Code    26  stm32f4xx_tim.o(.text)
    TIM_OC2NPolarityConfig                   0x08004bc1   Thumb Code    26  stm32f4xx_tim.o(.text)
    TIM_OC3PolarityConfig                    0x08004bdb   Thumb Code    26  stm32f4xx_tim.o(.text)
    TIM_OC3NPolarityConfig                   0x08004bf5   Thumb Code    26  stm32f4xx_tim.o(.text)
    TIM_OC4PolarityConfig                    0x08004c0f   Thumb Code    26  stm32f4xx_tim.o(.text)
    TIM_CCxCmd                               0x08004c29   Thumb Code    30  stm32f4xx_tim.o(.text)
    TIM_CCxNCmd                              0x08004c47   Thumb Code    30  stm32f4xx_tim.o(.text)
    TIM_SetIC4Prescaler                      0x08004c65   Thumb Code    26  stm32f4xx_tim.o(.text)
    TIM_SetIC3Prescaler                      0x08004ccf   Thumb Code    18  stm32f4xx_tim.o(.text)
    TIM_SetIC2Prescaler                      0x08004d29   Thumb Code    26  stm32f4xx_tim.o(.text)
    TIM_SetIC1Prescaler                      0x08004d9d   Thumb Code    18  stm32f4xx_tim.o(.text)
    TIM_ICInit                               0x08004de9   Thumb Code   110  stm32f4xx_tim.o(.text)
    TIM_ICStructInit                         0x08004e57   Thumb Code    18  stm32f4xx_tim.o(.text)
    TIM_PWMIConfig                           0x08004e69   Thumb Code   124  stm32f4xx_tim.o(.text)
    TIM_GetCapture1                          0x08004ee5   Thumb Code     6  stm32f4xx_tim.o(.text)
    TIM_GetCapture2                          0x08004eeb   Thumb Code     6  stm32f4xx_tim.o(.text)
    TIM_GetCapture3                          0x08004ef1   Thumb Code     6  stm32f4xx_tim.o(.text)
    TIM_GetCapture4                          0x08004ef7   Thumb Code     6  stm32f4xx_tim.o(.text)
    TIM_BDTRConfig                           0x08004efd   Thumb Code    32  stm32f4xx_tim.o(.text)
    TIM_BDTRStructInit                       0x08004f1d   Thumb Code    18  stm32f4xx_tim.o(.text)
    TIM_CtrlPWMOutputs                       0x08004f2f   Thumb Code    30  stm32f4xx_tim.o(.text)
    TIM_SelectCOM                            0x08004f4d   Thumb Code    24  stm32f4xx_tim.o(.text)
    TIM_CCPreloadControl                     0x08004f65   Thumb Code    24  stm32f4xx_tim.o(.text)
    TIM_ITConfig                             0x08004f7d   Thumb Code    18  stm32f4xx_tim.o(.text)
    TIM_GenerateEvent                        0x08004f8f   Thumb Code     4  stm32f4xx_tim.o(.text)
    TIM_GetFlagStatus                        0x08004f93   Thumb Code    18  stm32f4xx_tim.o(.text)
    TIM_ClearFlag                            0x08004fa5   Thumb Code     6  stm32f4xx_tim.o(.text)
    TIM_GetITStatus                          0x08004fab   Thumb Code    34  stm32f4xx_tim.o(.text)
    TIM_ClearITPendingBit                    0x08004fcd   Thumb Code     6  stm32f4xx_tim.o(.text)
    TIM_DMAConfig                            0x08004fd3   Thumb Code    10  stm32f4xx_tim.o(.text)
    TIM_DMACmd                               0x08004fdd   Thumb Code    18  stm32f4xx_tim.o(.text)
    TIM_SelectCCDMA                          0x08004fef   Thumb Code    24  stm32f4xx_tim.o(.text)
    TIM_InternalClockConfig                  0x08005007   Thumb Code    12  stm32f4xx_tim.o(.text)
    TIM_SelectInputTrigger                   0x08005013   Thumb Code    18  stm32f4xx_tim.o(.text)
    TIM_ITRxExternalClockConfig              0x08005025   Thumb Code    24  stm32f4xx_tim.o(.text)
    TIM_TIxExternalClockConfig               0x0800503d   Thumb Code    62  stm32f4xx_tim.o(.text)
    TIM_ETRConfig                            0x0800507b   Thumb Code    28  stm32f4xx_tim.o(.text)
    TIM_ETRClockMode1Config                  0x08005097   Thumb Code    54  stm32f4xx_tim.o(.text)
    TIM_ETRClockMode2Config                  0x080050cd   Thumb Code    32  stm32f4xx_tim.o(.text)
    TIM_SelectOutputTrigger                  0x080050ed   Thumb Code    18  stm32f4xx_tim.o(.text)
    TIM_SelectSlaveMode                      0x080050ff   Thumb Code    18  stm32f4xx_tim.o(.text)
    TIM_SelectMasterSlaveMode                0x08005111   Thumb Code    18  stm32f4xx_tim.o(.text)
    TIM_EncoderInterfaceConfig               0x08005123   Thumb Code    66  stm32f4xx_tim.o(.text)
    TIM_SelectHallSensor                     0x08005165   Thumb Code    24  stm32f4xx_tim.o(.text)
    TIM_RemapConfig                          0x0800517d   Thumb Code     6  stm32f4xx_tim.o(.text)
    SPI_I2S_DeInit                           0x08005185   Thumb Code   152  stm32f4xx_spi.o(.text)
    SPI_Init                                 0x0800521d   Thumb Code    60  stm32f4xx_spi.o(.text)
    I2S_Init                                 0x08005259   Thumb Code   396  stm32f4xx_spi.o(.text)
    SPI_StructInit                           0x080053e5   Thumb Code    24  stm32f4xx_spi.o(.text)
    I2S_StructInit                           0x080053fd   Thumb Code    20  stm32f4xx_spi.o(.text)
    SPI_Cmd                                  0x08005411   Thumb Code    24  stm32f4xx_spi.o(.text)
    I2S_Cmd                                  0x08005429   Thumb Code    24  stm32f4xx_spi.o(.text)
    SPI_DataSizeConfig                       0x08005441   Thumb Code    18  stm32f4xx_spi.o(.text)
    SPI_BiDirectionalLineConfig              0x08005453   Thumb Code    28  stm32f4xx_spi.o(.text)
    SPI_NSSInternalSoftwareConfig            0x0800546f   Thumb Code    30  stm32f4xx_spi.o(.text)
    SPI_SSOutputCmd                          0x0800548d   Thumb Code    24  stm32f4xx_spi.o(.text)
    SPI_TIModeCmd                            0x080054a5   Thumb Code    24  stm32f4xx_spi.o(.text)
    I2S_FullDuplexConfig                     0x080054bd   Thumb Code    80  stm32f4xx_spi.o(.text)
    SPI_I2S_ReceiveData                      0x0800550d   Thumb Code     6  stm32f4xx_spi.o(.text)
    SPI_I2S_SendData                         0x08005513   Thumb Code     4  stm32f4xx_spi.o(.text)
    SPI_CalculateCRC                         0x08005517   Thumb Code    24  stm32f4xx_spi.o(.text)
    SPI_TransmitCRC                          0x0800552f   Thumb Code    10  stm32f4xx_spi.o(.text)
    SPI_GetCRC                               0x08005539   Thumb Code    16  stm32f4xx_spi.o(.text)
    SPI_GetCRCPolynomial                     0x08005549   Thumb Code     6  stm32f4xx_spi.o(.text)
    SPI_I2S_DMACmd                           0x0800554f   Thumb Code    18  stm32f4xx_spi.o(.text)
    SPI_I2S_ITConfig                         0x08005561   Thumb Code    68  stm32f4xx_spi.o(.text)
    SPI_I2S_GetFlagStatus                    0x080055a5   Thumb Code    18  stm32f4xx_spi.o(.text)
    SPI_I2S_ClearFlag                        0x080055b7   Thumb Code     6  stm32f4xx_spi.o(.text)
    SPI_I2S_GetITStatus                      0x080055bd   Thumb Code    52  stm32f4xx_spi.o(.text)
    SPI_I2S_ClearITPendingBit                0x080055f1   Thumb Code    20  stm32f4xx_spi.o(.text)
    usmart_sys_cmd_exe                       0x08005605   Thumb Code  1554  usmart.o(.text)
    usmart_reset_runtime                     0x08005c17   Thumb Code    38  usmart.o(.text)
    usmart_get_runtime                       0x08005c3d   Thumb Code    60  usmart.o(.text)
    TIM4_IRQHandler                          0x08005c79   Thumb Code    46  usmart.o(.text)
    Timer4_Init                              0x08005ca7   Thumb Code    88  usmart.o(.text)
    usmart_init                              0x08005cff   Thumb Code    36  usmart.o(.text)
    usmart_cmd_rec                           0x08005d23   Thumb Code   170  usmart.o(.text)
    usmart_exe                               0x08005dcd   Thumb Code   870  usmart.o(.text)
    usmart_scan                              0x08006133   Thumb Code   120  usmart.o(.text)
    read_addr                                0x080061ab   Thumb Code     6  usmart.o(.text)
    write_addr                               0x080061b1   Thumb Code     4  usmart.o(.text)
    usmart_strcmp                            0x0800623d   Thumb Code    34  usmart_str.o(.text)
    usmart_strcopy                           0x0800625f   Thumb Code    22  usmart_str.o(.text)
    usmart_strlen                            0x08006275   Thumb Code    24  usmart_str.o(.text)
    usmart_pow                               0x0800628d   Thumb Code    22  usmart_str.o(.text)
    usmart_str2num                           0x080062a3   Thumb Code   202  usmart_str.o(.text)
    usmart_get_cmdname                       0x0800636d   Thumb Code    54  usmart_str.o(.text)
    usmart_search_nextc                      0x080063a3   Thumb Code    22  usmart_str.o(.text)
    usmart_get_fname                         0x080063b9   Thumb Code   440  usmart_str.o(.text)
    usmart_get_aparm                         0x08006571   Thumb Code   200  usmart_str.o(.text)
    usmart_get_parmpos                       0x08006639   Thumb Code    26  usmart_str.o(.text)
    usmart_get_fparam                        0x08006653   Thumb Code   262  usmart_str.o(.text)
    __use_no_semihosting                     0x08006765   Thumb Code     2  use_no_semi_2.o(.text)
    __c89vsprintf                            0x08006769   Thumb Code    32  c89vsprintf.o(.text)
    __2printf                                0x0800678d   Thumb Code    20  __2printf.o(.text)
    _printf_pre_padding                      0x080067a5   Thumb Code    44  _printf_pad.o(.text)
    _printf_post_padding                     0x080067d1   Thumb Code    34  _printf_pad.o(.text)
    _printf_str                              0x080067f3   Thumb Code    82  _printf_str.o(.text)
    _printf_int_dec                          0x08006845   Thumb Code   104  _printf_dec.o(.text)
    _printf_longlong_hex                     0x080068bd   Thumb Code    86  _printf_hex_int_ll_ptr.o(.text)
    _printf_int_hex                          0x08006913   Thumb Code    28  _printf_hex_int_ll_ptr.o(.text)
    _printf_ll_hex                           0x0800692f   Thumb Code    12  _printf_hex_int_ll_ptr.o(.text)
    _printf_hex_ptr                          0x0800693b   Thumb Code    18  _printf_hex_int_ll_ptr.o(.text)
    __printf                                 0x08006951   Thumb Code   388  __printf_flags_ss_wp.o(.text)
    atoi                                     0x08006ad9   Thumb Code    26  atoi.o(.text)
    strlen                                   0x08006af3   Thumb Code    62  strlen.o(.text)
    __use_two_region_memory                  0x08006b31   Thumb Code     2  heapauxi.o(.text)
    __rt_heap_escrow$2region                 0x08006b33   Thumb Code     2  heapauxi.o(.text)
    __rt_heap_expand$2region                 0x08006b35   Thumb Code     2  heapauxi.o(.text)
    __I$use$semihosting                      0x08006b37   Thumb Code     0  use_no_semi.o(.text)
    __use_no_semihosting_swi                 0x08006b37   Thumb Code     2  use_no_semi.o(.text)
    __aeabi_errno_addr                       0x08006b39   Thumb Code     8  rt_errno_addr_intlibspace.o(.text)
    __errno$intlibspace                      0x08006b39   Thumb Code     0  rt_errno_addr_intlibspace.o(.text)
    __rt_errno_addr$intlibspace              0x08006b39   Thumb Code     0  rt_errno_addr_intlibspace.o(.text)
    __read_errno                             0x08006b41   Thumb Code    10  _rserrno.o(.text)
    __set_errno                              0x08006b4b   Thumb Code    12  _rserrno.o(.text)
    _printf_truncate_signed                  0x08006b57   Thumb Code    18  _printf_truncate.o(.text)
    _printf_truncate_unsigned                0x08006b69   Thumb Code    18  _printf_truncate.o(.text)
    _printf_int_common                       0x08006b7b   Thumb Code   178  _printf_intcommon.o(.text)
    _printf_charcount                        0x08006c2d   Thumb Code    40  _printf_charcount.o(.text)
    __lib_sel_fp_printf                      0x08006c55   Thumb Code     2  _printf_fp_dec.o(.text)
    _printf_fp_dec_real                      0x08006e03   Thumb Code   620  _printf_fp_dec.o(.text)
    _printf_char_common                      0x0800707b   Thumb Code    32  _printf_char_common.o(.text)
    _sputc                                   0x080070a1   Thumb Code    10  _sputc.o(.text)
    _printf_cs_common                        0x080070ab   Thumb Code    20  _printf_char.o(.text)
    _printf_char                             0x080070bf   Thumb Code    16  _printf_char.o(.text)
    _printf_string                           0x080070cf   Thumb Code     8  _printf_char.o(.text)
    _printf_char_file                        0x080070d9   Thumb Code    32  _printf_char_file.o(.text)
    _printf_wctomb                           0x080070fd   Thumb Code   182  _printf_wctomb.o(.text)
    _printf_longlong_dec                     0x080071b9   Thumb Code   108  _printf_longlong_dec.o(.text)
    _printf_longlong_oct                     0x08007235   Thumb Code    68  _printf_oct_int_ll.o(.text)
    _printf_int_oct                          0x08007279   Thumb Code    24  _printf_oct_int_ll.o(.text)
    _printf_ll_oct                           0x08007291   Thumb Code    12  _printf_oct_int_ll.o(.text)
    strtol                                   0x080072a5   Thumb Code   112  strtol.o(.text)
    __user_libspace                          0x08007315   Thumb Code     8  libspace.o(.text)
    __user_perproc_libspace                  0x08007315   Thumb Code     0  libspace.o(.text)
    __user_perthread_libspace                0x08007315   Thumb Code     0  libspace.o(.text)
    __rt_ctype_table                         0x0800731d   Thumb Code    16  rt_ctype_table.o(.text)
    __rt_locale                              0x0800732d   Thumb Code     8  rt_locale_intlibspace.o(.text)
    _ll_udiv10                               0x08007335   Thumb Code   138  lludiv10.o(.text)
    _printf_fp_infnan                        0x080073c1   Thumb Code   112  _printf_fp_infnan.o(.text)
    _printf_lcs_common                       0x08007441   Thumb Code    20  _printf_wchar.o(.text)
    _printf_wchar                            0x08007455   Thumb Code    16  _printf_wchar.o(.text)
    _printf_wstring                          0x08007465   Thumb Code     8  _printf_wchar.o(.text)
    _strtoul                                 0x0800746d   Thumb Code   158  _strtoul.o(.text)
    _btod_etento                             0x0800750d   Thumb Code   216  bigflt0.o(.text)
    ferror                                   0x080075e9   Thumb Code     8  ferror.o(.text)
    _wcrtomb                                 0x080075f1   Thumb Code    64  _wcrtomb.o(.text)
    __user_setup_stackheap                   0x08007631   Thumb Code    74  sys_stackheap_outer.o(.text)
    _chval                                   0x0800767b   Thumb Code    28  _chval.o(.text)
    exit                                     0x08007697   Thumb Code    12  exit.o(.text)
    strcmp                                   0x080076a5   Thumb Code   128  strcmpv7m.o(.text)
    _btod_d2e                                0x08007725   Thumb Code    62  btod.o(CL$$btod_d2e)
    _d2e_denorm_low                          0x08007763   Thumb Code    70  btod.o(CL$$btod_d2e_denorm_low)
    _d2e_norm_op1                            0x080077a9   Thumb Code    96  btod.o(CL$$btod_d2e_norm_op1)
    __btod_div_common                        0x08007809   Thumb Code   696  btod.o(CL$$btod_div_common)
    _e2e                                     0x08007b41   Thumb Code   198  btod.o(CL$$btod_e2e)
    _btod_ediv                               0x08007c07   Thumb Code    40  btod.o(CL$$btod_ediv)
    _btod_emul                               0x08007c2f   Thumb Code    40  btod.o(CL$$btod_emul)
    __btod_mult_common                       0x08007c57   Thumb Code   580  btod.o(CL$$btod_mult_common)
    __ARM_fpclassify                         0x08007e9b   Thumb Code    48  fpclassify.o(i.__ARM_fpclassify)
    __hardfp_sqrt                            0x08007ecb   Thumb Code   122  sqrt.o(i.__hardfp_sqrt)
    _is_digit                                0x08007f45   Thumb Code    14  __printf_wp.o(i._is_digit)
    _get_lc_numeric                          0x08007f55   Thumb Code    44  lc_numeric_c.o(locale$$code)
    _get_lc_ctype                            0x08007f81   Thumb Code    44  lc_ctype_c.o(locale$$code)
    __aeabi_d2f                              0x08007fad   Thumb Code     0  d2f.o(x$fpl$d2f)
    _d2f                                     0x08007fad   Thumb Code    98  d2f.o(x$fpl$d2f)
    __aeabi_dadd                             0x08008011   Thumb Code     0  daddsub_clz.o(x$fpl$dadd)
    _dadd                                    0x08008011   Thumb Code   332  daddsub_clz.o(x$fpl$dadd)
    __aeabi_ddiv                             0x08008161   Thumb Code     0  ddiv.o(x$fpl$ddiv)
    _ddiv                                    0x08008161   Thumb Code   552  ddiv.o(x$fpl$ddiv)
    __aeabi_d2iz                             0x08008411   Thumb Code     0  dfix.o(x$fpl$dfix)
    _dfix                                    0x08008411   Thumb Code    94  dfix.o(x$fpl$dfix)
    __aeabi_d2uiz                            0x08008471   Thumb Code     0  dfixu.o(x$fpl$dfixu)
    _dfixu                                   0x08008471   Thumb Code    90  dfixu.o(x$fpl$dfixu)
    __aeabi_i2d                              0x080084cb   Thumb Code     0  dflt_clz.o(x$fpl$dflt)
    _dflt                                    0x080084cb   Thumb Code    46  dflt_clz.o(x$fpl$dflt)
    __aeabi_ui2d                             0x080084f9   Thumb Code     0  dflt_clz.o(x$fpl$dfltu)
    _dfltu                                   0x080084f9   Thumb Code    38  dflt_clz.o(x$fpl$dfltu)
    __aeabi_dmul                             0x08008521   Thumb Code     0  dmul.o(x$fpl$dmul)
    _dmul                                    0x08008521   Thumb Code   332  dmul.o(x$fpl$dmul)
    __fpl_dnaninf                            0x08008675   Thumb Code   156  dnaninf.o(x$fpl$dnaninf)
    __fpl_dretinf                            0x08008711   Thumb Code    12  dretinf.o(x$fpl$dretinf)
    _dsqrt                                   0x0800871d   Thumb Code   404  dsqrt_umaal.o(x$fpl$dsqrt)
    __aeabi_dsub                             0x080088b5   Thumb Code     0  daddsub_clz.o(x$fpl$dsub)
    _dsub                                    0x080088b5   Thumb Code   464  daddsub_clz.o(x$fpl$dsub)
    __aeabi_f2d                              0x08008a89   Thumb Code     0  f2d.o(x$fpl$f2d)
    _f2d                                     0x08008a89   Thumb Code    86  f2d.o(x$fpl$f2d)
    __fpl_fnaninf                            0x08008adf   Thumb Code   140  fnaninf.o(x$fpl$fnaninf)
    _fp_init                                 0x08008b6b   Thumb Code    10  fpinit.o(x$fpl$fpinit)
    __fplib_config_fpu_vfp                   0x08008b73   Thumb Code     0  fpinit.o(x$fpl$fpinit)
    __fplib_config_pureend_doubles           0x08008b73   Thumb Code     0  fpinit.o(x$fpl$fpinit)
    __fpl_fretinf                            0x08008b75   Thumb Code    10  fretinf.o(x$fpl$fretinf)
    _printf_fp_dec                           0x08008b7f   Thumb Code     4  printf1.o(x$fpl$printf1)
    __I$use$fp                               0x08008b82   Number         0  usenofp.o(x$fpl$usenofp)
    Region$$Table$$Base                      0x08008ea8   Number         0  anon$$obj.o(Region$$Table)
    Region$$Table$$Limit                     0x08008ec8   Number         0  anon$$obj.o(Region$$Table)
    __ctype                                  0x08008ef1   Data           0  lc_ctype_c.o(locale$$data)
    start                                    0x20000004   Data           2  main.o(.data)
    flag                                     0x20000006   Data           1  main.o(.data)
    speed                                    0x20000007   Data           4  main.o(.data)
    acc                                      0x2000000b   Data           4  main.o(.data)
    temp                                     0x2000000f   Data           3  main.o(.data)
    reclen                                   0x20000012   Data           1  main.o(.data)
    htemp                                    0x20000014   Data           2  main.o(.data)
    SystemCoreClock                          0x20000018   Data           4  system_stm32f4xx.o(.data)
    AHBPrescTable                            0x2000001c   Data          16  system_stm32f4xx.o(.data)
    USART3_RX_STA                            0x2000002e   Data           2  usart3.o(.data)
    step_done                                0x20000034   Data           4  pwm.o(.data)
    step_flag                                0x20000038   Data           2  pwm.o(.data)
    Relays                                   0x2000003c   Data          12  relays.o(.data)
    state                                    0x20000048   Data           4  posswitch.o(.data)
    Pswitch                                  0x2000004c   Data           8  posswitch.o(.data)
    lisopened                                0x20000054   Data           8  lightswitch.o(.data)
    lstate                                   0x2000005c   Data           4  lightswitch.o(.data)
    lswitch                                  0x20000060   Data           8  lightswitch.o(.data)
    nowpos                                   0x2000006c   Data           4  motorlei.o(.data)
    motor1                                   0x20000070   Data          28  motorlei.o(.data)
    motor2                                   0x2000008c   Data          28  motorlei.o(.data)
    motor3                                   0x200000a8   Data          28  motorlei.o(.data)
    show                                     0x200000c4   Data           4  max6675.o(.data)
    thermometer1                             0x200000c8   Data          44  max6675.o(.data)
    thermometer2                             0x200000f4   Data          44  max6675.o(.data)
    thermometer3                             0x20000120   Data          44  max6675.o(.data)
    thermometer4                             0x2000014c   Data          44  max6675.o(.data)
    pid1                                     0x20000178   Data          44  pid.o(.data)
    pid2                                     0x200001a4   Data          44  pid.o(.data)
    pid3                                     0x200001d0   Data          44  pid.o(.data)
    pid4                                     0x200001fc   Data          44  pid.o(.data)
    dcmotor1                                 0x20000228   Data          28  dcmotor.o(.data)
    dcmotor2                                 0x20000244   Data          28  dcmotor.o(.data)
    dcmotor3                                 0x20000260   Data          28  dcmotor.o(.data)
    dcmotor4                                 0x2000027c   Data          28  dcmotor.o(.data)
    hx711_1                                  0x20000298   Data          56  hx711.o(.data)
    __stdout                                 0x200002d4   Data           4  usart.o(.data)
    USART_RX_STA                             0x200002d8   Data           2  usart.o(.data)
    sys_cmd_tab                              0x200002ec   Data          28  usmart.o(.data)
    usmart_nametab                           0x20000308   Data         128  usmart_config.o(.data)
    usmart_dev                               0x20000388   Data         244  usmart_config.o(.data)
    USART3_TX_BUF                            0x20000480   Data         400  usart3.o(.bss)
    USART3_RX_BUF                            0x20000610   Data         400  usart3.o(.bss)
    isopen                                   0x200007a0   Data          16  relays.o(.bss)
    pisopened                                0x200007b0   Data          16  posswitch.o(.bss)
    private1                                 0x200007c0   Data        4872  motorlei.o(.bss)
    private2                                 0x20001ac8   Data        4872  motorlei.o(.bss)
    private3                                 0x20002dd0   Data        4872  motorlei.o(.bss)
    USART_RX_BUF                             0x200040d8   Data         200  usart.o(.bss)
    __libspace_start                         0x200041a0   Data          96  libspace.o(.bss)
    __temporary_stack_top$libspace           0x20004200   Data           0  libspace.o(.bss)



==============================================================================

Memory Map of the image

  Image Entry point : 0x08000189

  Load Region LR_IROM1 (Base: 0x08000000, Size: 0x00009470, Max: 0x00100000, ABSOLUTE, COMPRESSED[0x00009138])

    Execution Region ER_IROM1 (Base: 0x08000000, Size: 0x00008ff4, Max: 0x00100000, ABSOLUTE)

    Base Addr    Size         Type   Attr      Idx    E Section Name        Object

    0x08000000   0x00000188   Data   RO          768    RESET               startup_stm32f40_41xxx.o
    0x08000188   0x00000008   Code   RO         1143  * !!!main             c_w.l(__main.o)
    0x08000190   0x00000034   Code   RO         1473    !!!scatter          c_w.l(__scatter.o)
    0x080001c4   0x0000005a   Code   RO         1471    !!dczerorl2         c_w.l(__dczerorl2.o)
    0x0800021e   0x00000002   PAD
    0x08000220   0x0000001c   Code   RO         1475    !!handler_zi        c_w.l(__scatter_zi.o)
    0x0800023c   0x00000000   Code   RO         1136    .ARM.Collect$$_printf_percent$$00000000  c_w.l(_printf_percent.o)
    0x0800023c   0x00000006   Code   RO         1226    .ARM.Collect$$_printf_percent$$00000001  c_w.l(_printf_n.o)
    0x08000242   0x00000006   Code   RO         1227    .ARM.Collect$$_printf_percent$$00000002  c_w.l(_printf_p.o)
    0x08000248   0x00000006   Code   RO         1135    .ARM.Collect$$_printf_percent$$00000003  c_w.l(_printf_f.o)
    0x0800024e   0x00000006   Code   RO         1230    .ARM.Collect$$_printf_percent$$00000004  c_w.l(_printf_e.o)
    0x08000254   0x00000006   Code   RO         1231    .ARM.Collect$$_printf_percent$$00000005  c_w.l(_printf_g.o)
    0x0800025a   0x00000006   Code   RO         1232    .ARM.Collect$$_printf_percent$$00000006  c_w.l(_printf_a.o)
    0x08000260   0x0000000a   Code   RO         1237    .ARM.Collect$$_printf_percent$$00000007  c_w.l(_printf_ll.o)
    0x0800026a   0x00000006   Code   RO         1229    .ARM.Collect$$_printf_percent$$00000008  c_w.l(_printf_i.o)
    0x08000270   0x00000006   Code   RO         1133    .ARM.Collect$$_printf_percent$$00000009  c_w.l(_printf_d.o)
    0x08000276   0x00000006   Code   RO         1134    .ARM.Collect$$_printf_percent$$0000000A  c_w.l(_printf_u.o)
    0x0800027c   0x00000006   Code   RO         1228    .ARM.Collect$$_printf_percent$$0000000B  c_w.l(_printf_o.o)
    0x08000282   0x00000006   Code   RO         1132    .ARM.Collect$$_printf_percent$$0000000C  c_w.l(_printf_x.o)
    0x08000288   0x00000006   Code   RO         1234    .ARM.Collect$$_printf_percent$$0000000D  c_w.l(_printf_lli.o)
    0x0800028e   0x00000006   Code   RO         1235    .ARM.Collect$$_printf_percent$$0000000E  c_w.l(_printf_lld.o)
    0x08000294   0x00000006   Code   RO         1236    .ARM.Collect$$_printf_percent$$0000000F  c_w.l(_printf_llu.o)
    0x0800029a   0x00000006   Code   RO         1241    .ARM.Collect$$_printf_percent$$00000010  c_w.l(_printf_llo.o)
    0x080002a0   0x00000006   Code   RO         1242    .ARM.Collect$$_printf_percent$$00000011  c_w.l(_printf_llx.o)
    0x080002a6   0x0000000a   Code   RO         1238    .ARM.Collect$$_printf_percent$$00000012  c_w.l(_printf_l.o)
    0x080002b0   0x00000006   Code   RO         1130    .ARM.Collect$$_printf_percent$$00000013  c_w.l(_printf_c.o)
    0x080002b6   0x00000006   Code   RO         1131    .ARM.Collect$$_printf_percent$$00000014  c_w.l(_printf_s.o)
    0x080002bc   0x00000006   Code   RO         1239    .ARM.Collect$$_printf_percent$$00000015  c_w.l(_printf_lc.o)
    0x080002c2   0x00000006   Code   RO         1240    .ARM.Collect$$_printf_percent$$00000016  c_w.l(_printf_ls.o)
    0x080002c8   0x00000004   Code   RO         1233    .ARM.Collect$$_printf_percent$$00000017  c_w.l(_printf_percent_end.o)
    0x080002cc   0x00000002   Code   RO         1349    .ARM.Collect$$libinit$$00000000  c_w.l(libinit.o)
    0x080002ce   0x00000004   Code   RO         1350    .ARM.Collect$$libinit$$00000001  c_w.l(libinit2.o)
    0x080002d2   0x00000000   Code   RO         1353    .ARM.Collect$$libinit$$00000004  c_w.l(libinit2.o)
    0x080002d2   0x00000000   Code   RO         1356    .ARM.Collect$$libinit$$0000000A  c_w.l(libinit2.o)
    0x080002d2   0x00000000   Code   RO         1358    .ARM.Collect$$libinit$$0000000C  c_w.l(libinit2.o)
    0x080002d2   0x00000000   Code   RO         1360    .ARM.Collect$$libinit$$0000000E  c_w.l(libinit2.o)
    0x080002d2   0x00000006   Code   RO         1361    .ARM.Collect$$libinit$$0000000F  c_w.l(libinit2.o)
    0x080002d8   0x00000000   Code   RO         1363    .ARM.Collect$$libinit$$00000011  c_w.l(libinit2.o)
    0x080002d8   0x0000000c   Code   RO         1364    .ARM.Collect$$libinit$$00000012  c_w.l(libinit2.o)
    0x080002e4   0x00000000   Code   RO         1365    .ARM.Collect$$libinit$$00000013  c_w.l(libinit2.o)
    0x080002e4   0x00000000   Code   RO         1367    .ARM.Collect$$libinit$$00000015  c_w.l(libinit2.o)
    0x080002e4   0x0000000a   Code   RO         1368    .ARM.Collect$$libinit$$00000016  c_w.l(libinit2.o)
    0x080002ee   0x00000000   Code   RO         1369    .ARM.Collect$$libinit$$00000017  c_w.l(libinit2.o)
    0x080002ee   0x00000000   Code   RO         1371    .ARM.Collect$$libinit$$00000019  c_w.l(libinit2.o)
    0x080002ee   0x00000000   Code   RO         1373    .ARM.Collect$$libinit$$0000001B  c_w.l(libinit2.o)
    0x080002ee   0x00000000   Code   RO         1375    .ARM.Collect$$libinit$$0000001D  c_w.l(libinit2.o)
    0x080002ee   0x00000000   Code   RO         1377    .ARM.Collect$$libinit$$0000001F  c_w.l(libinit2.o)
    0x080002ee   0x00000000   Code   RO         1379    .ARM.Collect$$libinit$$00000021  c_w.l(libinit2.o)
    0x080002ee   0x00000000   Code   RO         1381    .ARM.Collect$$libinit$$00000023  c_w.l(libinit2.o)
    0x080002ee   0x00000000   Code   RO         1383    .ARM.Collect$$libinit$$00000025  c_w.l(libinit2.o)
    0x080002ee   0x00000000   Code   RO         1387    .ARM.Collect$$libinit$$0000002C  c_w.l(libinit2.o)
    0x080002ee   0x00000000   Code   RO         1389    .ARM.Collect$$libinit$$0000002E  c_w.l(libinit2.o)
    0x080002ee   0x00000000   Code   RO         1391    .ARM.Collect$$libinit$$00000030  c_w.l(libinit2.o)
    0x080002ee   0x00000000   Code   RO         1393    .ARM.Collect$$libinit$$00000032  c_w.l(libinit2.o)
    0x080002ee   0x00000002   Code   RO         1394    .ARM.Collect$$libinit$$00000033  c_w.l(libinit2.o)
    0x080002f0   0x00000002   Code   RO         1422    .ARM.Collect$$libshutdown$$00000000  c_w.l(libshutdown.o)
    0x080002f2   0x00000000   Code   RO         1432    .ARM.Collect$$libshutdown$$00000003  c_w.l(libshutdown2.o)
    0x080002f2   0x00000000   Code   RO         1435    .ARM.Collect$$libshutdown$$00000006  c_w.l(libshutdown2.o)
    0x080002f2   0x00000000   Code   RO         1438    .ARM.Collect$$libshutdown$$00000009  c_w.l(libshutdown2.o)
    0x080002f2   0x00000000   Code   RO         1440    .ARM.Collect$$libshutdown$$0000000B  c_w.l(libshutdown2.o)
    0x080002f2   0x00000000   Code   RO         1443    .ARM.Collect$$libshutdown$$0000000E  c_w.l(libshutdown2.o)
    0x080002f2   0x00000002   Code   RO         1444    .ARM.Collect$$libshutdown$$0000000F  c_w.l(libshutdown2.o)
    0x080002f4   0x00000000   Code   RO         1191    .ARM.Collect$$rtentry$$00000000  c_w.l(__rtentry.o)
    0x080002f4   0x00000000   Code   RO         1262    .ARM.Collect$$rtentry$$00000002  c_w.l(__rtentry2.o)
    0x080002f4   0x00000006   Code   RO         1274    .ARM.Collect$$rtentry$$00000004  c_w.l(__rtentry4.o)
    0x080002fa   0x00000000   Code   RO         1264    .ARM.Collect$$rtentry$$00000009  c_w.l(__rtentry2.o)
    0x080002fa   0x00000004   Code   RO         1265    .ARM.Collect$$rtentry$$0000000A  c_w.l(__rtentry2.o)
    0x080002fe   0x00000000   Code   RO         1267    .ARM.Collect$$rtentry$$0000000C  c_w.l(__rtentry2.o)
    0x080002fe   0x00000008   Code   RO         1268    .ARM.Collect$$rtentry$$0000000D  c_w.l(__rtentry2.o)
    0x08000306   0x00000002   Code   RO         1395    .ARM.Collect$$rtexit$$00000000  c_w.l(rtexit.o)
    0x08000308   0x00000000   Code   RO         1402    .ARM.Collect$$rtexit$$00000002  c_w.l(rtexit2.o)
    0x08000308   0x00000004   Code   RO         1403    .ARM.Collect$$rtexit$$00000003  c_w.l(rtexit2.o)
    0x0800030c   0x00000006   Code   RO         1404    .ARM.Collect$$rtexit$$00000004  c_w.l(rtexit2.o)
    0x08000312   0x00000002   PAD
    0x08000314   0x00000614   Code   RO            4    .text               main.o
    0x08000928   0x0000001a   Code   RO          207    .text               stm32f4xx_it.o
    0x08000942   0x00000002   PAD
    0x08000944   0x00000210   Code   RO          260    .text               system_stm32f4xx.o
    0x08000b54   0x00000104   Code   RO          290    .text               key.o
    0x08000c58   0x00000088   Code   RO          315    .text               timer.o
    0x08000ce0   0x00000184   Code   RO          343    .text               usart3.o
    0x08000e64   0x0000068c   Code   RO          381    .text               pwm.o
    0x080014f0   0x000000fc   Code   RO          408    .text               relays.o
    0x080015ec   0x000000b4   Code   RO          439    .text               posswitch.o
    0x080016a0   0x00000088   Code   RO          470    .text               lightswitch.o
    0x08001728   0x00000a64   Code   RO          527    .text               motorlei.o
    0x0800218c   0x0000095c   Code   RO          562    .text               max6675.o
    0x08002ae8   0x000003b0   Code   RO          596    .text               pid.o
    0x08002e98   0x000001ec   Code   RO          626    .text               dcmotor.o
    0x08003084   0x000003a0   Code   RO          656    .text               hx711.o
    0x08003424   0x00000104   Code   RO          686    .text               delay.o
    0x08003528   0x00000154   Code   RO          734    .text               usart.o
    0x0800367c   0x00000040   Code   RO          769    .text               startup_stm32f40_41xxx.o
    0x080036bc   0x000000e0   Code   RO          776    .text               misc.o
    0x0800379c   0x00000294   Code   RO          800    .text               stm32f4xx_gpio.o
    0x08003a30   0x0000065c   Code   RO          851    .text               stm32f4xx_rcc.o
    0x0800408c   0x00000454   Code   RO          901    .text               stm32f4xx_usart.o
    0x080044e0   0x00000ca2   Code   RO          925    .text               stm32f4xx_tim.o
    0x08005182   0x00000002   PAD
    0x08005184   0x00000480   Code   RO          973    .text               stm32f4xx_spi.o
    0x08005604   0x00000c38   Code   RO          997    .text               usmart.o
    0x0800623c   0x00000528   Code   RO         1050    .text               usmart_str.o
    0x08006764   0x00000002   Code   RO         1073    .text               c_w.l(use_no_semi_2.o)
    0x08006766   0x00000002   PAD
    0x08006768   0x00000024   Code   RO         1075    .text               c_w.l(c89vsprintf.o)
    0x0800678c   0x00000018   Code   RO         1077    .text               c_w.l(__2printf.o)
    0x080067a4   0x0000004e   Code   RO         1083    .text               c_w.l(_printf_pad.o)
    0x080067f2   0x00000052   Code   RO         1085    .text               c_w.l(_printf_str.o)
    0x08006844   0x00000078   Code   RO         1087    .text               c_w.l(_printf_dec.o)
    0x080068bc   0x00000094   Code   RO         1107    .text               c_w.l(_printf_hex_int_ll_ptr.o)
    0x08006950   0x00000188   Code   RO         1127    .text               c_w.l(__printf_flags_ss_wp.o)
    0x08006ad8   0x0000001a   Code   RO         1137    .text               c_w.l(atoi.o)
    0x08006af2   0x0000003e   Code   RO         1139    .text               c_w.l(strlen.o)
    0x08006b30   0x00000006   Code   RO         1141    .text               c_w.l(heapauxi.o)
    0x08006b36   0x00000002   Code   RO         1189    .text               c_w.l(use_no_semi.o)
    0x08006b38   0x00000008   Code   RO         1195    .text               c_w.l(rt_errno_addr_intlibspace.o)
    0x08006b40   0x00000016   Code   RO         1197    .text               c_w.l(_rserrno.o)
    0x08006b56   0x00000024   Code   RO         1199    .text               c_w.l(_printf_truncate.o)
    0x08006b7a   0x000000b2   Code   RO         1201    .text               c_w.l(_printf_intcommon.o)
    0x08006c2c   0x00000028   Code   RO         1203    .text               c_w.l(_printf_charcount.o)
    0x08006c54   0x0000041a   Code   RO         1205    .text               c_w.l(_printf_fp_dec.o)
    0x0800706e   0x00000002   PAD
    0x08007070   0x00000030   Code   RO         1207    .text               c_w.l(_printf_char_common.o)
    0x080070a0   0x0000000a   Code   RO         1209    .text               c_w.l(_sputc.o)
    0x080070aa   0x0000002c   Code   RO         1211    .text               c_w.l(_printf_char.o)
    0x080070d6   0x00000002   PAD
    0x080070d8   0x00000024   Code   RO         1213    .text               c_w.l(_printf_char_file.o)
    0x080070fc   0x000000bc   Code   RO         1215    .text               c_w.l(_printf_wctomb.o)
    0x080071b8   0x0000007c   Code   RO         1218    .text               c_w.l(_printf_longlong_dec.o)
    0x08007234   0x00000070   Code   RO         1224    .text               c_w.l(_printf_oct_int_ll.o)
    0x080072a4   0x00000070   Code   RO         1243    .text               c_w.l(strtol.o)
    0x08007314   0x00000008   Code   RO         1258    .text               c_w.l(libspace.o)
    0x0800731c   0x00000010   Code   RO         1276    .text               c_w.l(rt_ctype_table.o)
    0x0800732c   0x00000008   Code   RO         1281    .text               c_w.l(rt_locale_intlibspace.o)
    0x08007334   0x0000008a   Code   RO         1283    .text               c_w.l(lludiv10.o)
    0x080073be   0x00000002   PAD
    0x080073c0   0x00000080   Code   RO         1285    .text               c_w.l(_printf_fp_infnan.o)
    0x08007440   0x0000002c   Code   RO         1289    .text               c_w.l(_printf_wchar.o)
    0x0800746c   0x0000009e   Code   RO         1291    .text               c_w.l(_strtoul.o)
    0x0800750a   0x00000002   PAD
    0x0800750c   0x000000dc   Code   RO         1293    .text               c_w.l(bigflt0.o)
    0x080075e8   0x00000008   Code   RO         1318    .text               c_w.l(ferror.o)
    0x080075f0   0x00000040   Code   RO         1322    .text               c_w.l(_wcrtomb.o)
    0x08007630   0x0000004a   Code   RO         1333    .text               c_w.l(sys_stackheap_outer.o)
    0x0800767a   0x0000001c   Code   RO         1335    .text               c_w.l(_chval.o)
    0x08007696   0x0000000c   Code   RO         1340    .text               c_w.l(exit.o)
    0x080076a2   0x00000002   PAD
    0x080076a4   0x00000080   Code   RO         1342    .text               c_w.l(strcmpv7m.o)
    0x08007724   0x0000003e   Code   RO         1296    CL$$btod_d2e        c_w.l(btod.o)
    0x08007762   0x00000046   Code   RO         1298    CL$$btod_d2e_denorm_low  c_w.l(btod.o)
    0x080077a8   0x00000060   Code   RO         1297    CL$$btod_d2e_norm_op1  c_w.l(btod.o)
    0x08007808   0x00000338   Code   RO         1306    CL$$btod_div_common  c_w.l(btod.o)
    0x08007b40   0x000000c6   Code   RO         1303    CL$$btod_e2e        c_w.l(btod.o)
    0x08007c06   0x00000028   Code   RO         1300    CL$$btod_ediv       c_w.l(btod.o)
    0x08007c2e   0x00000028   Code   RO         1299    CL$$btod_emul       c_w.l(btod.o)
    0x08007c56   0x00000244   Code   RO         1305    CL$$btod_mult_common  c_w.l(btod.o)
    0x08007e9a   0x00000030   Code   RO         1331    i.__ARM_fpclassify  m_wm.l(fpclassify.o)
    0x08007eca   0x0000007a   Code   RO         1177    i.__hardfp_sqrt     m_wm.l(sqrt.o)
    0x08007f44   0x0000000e   Code   RO         1120    i._is_digit         c_w.l(__printf_wp.o)
    0x08007f52   0x00000002   PAD
    0x08007f54   0x0000002c   Code   RO         1325    locale$$code        c_w.l(lc_numeric_c.o)
    0x08007f80   0x0000002c   Code   RO         1338    locale$$code        c_w.l(lc_ctype_c.o)
    0x08007fac   0x00000062   Code   RO         1145    x$fpl$d2f           fz_wm.l(d2f.o)
    0x0800800e   0x00000002   PAD
    0x08008010   0x00000150   Code   RO         1147    x$fpl$dadd          fz_wm.l(daddsub_clz.o)
    0x08008160   0x000002b0   Code   RO         1154    x$fpl$ddiv          fz_wm.l(ddiv.o)
    0x08008410   0x0000005e   Code   RO         1157    x$fpl$dfix          fz_wm.l(dfix.o)
    0x0800846e   0x00000002   PAD
    0x08008470   0x0000005a   Code   RO         1161    x$fpl$dfixu         fz_wm.l(dfixu.o)
    0x080084ca   0x0000002e   Code   RO         1166    x$fpl$dflt          fz_wm.l(dflt_clz.o)
    0x080084f8   0x00000026   Code   RO         1165    x$fpl$dfltu         fz_wm.l(dflt_clz.o)
    0x0800851e   0x00000002   PAD
    0x08008520   0x00000154   Code   RO         1171    x$fpl$dmul          fz_wm.l(dmul.o)
    0x08008674   0x0000009c   Code   RO         1247    x$fpl$dnaninf       fz_wm.l(dnaninf.o)
    0x08008710   0x0000000c   Code   RO         1249    x$fpl$dretinf       fz_wm.l(dretinf.o)
    0x0800871c   0x00000198   Code   RO         1251    x$fpl$dsqrt         fz_wm.l(dsqrt_umaal.o)
    0x080088b4   0x000001d4   Code   RO         1149    x$fpl$dsub          fz_wm.l(daddsub_clz.o)
    0x08008a88   0x00000056   Code   RO         1173    x$fpl$f2d           fz_wm.l(f2d.o)
    0x08008ade   0x0000008c   Code   RO         1253    x$fpl$fnaninf       fz_wm.l(fnaninf.o)
    0x08008b6a   0x0000000a   Code   RO         1399    x$fpl$fpinit        fz_wm.l(fpinit.o)
    0x08008b74   0x0000000a   Code   RO         1255    x$fpl$fretinf       fz_wm.l(fretinf.o)
    0x08008b7e   0x00000004   Code   RO         1175    x$fpl$printf1       fz_wm.l(printf1.o)
    0x08008b82   0x00000000   Code   RO         1257    x$fpl$usenofp       fz_wm.l(usenofp.o)
    0x08008b82   0x00000028   Data   RO         1108    .constdata          c_w.l(_printf_hex_int_ll_ptr.o)
    0x08008baa   0x00000011   Data   RO         1128    .constdata          c_w.l(__printf_flags_ss_wp.o)
    0x08008bbb   0x00000001   PAD
    0x08008bbc   0x00000008   Data   RO         1216    .constdata          c_w.l(_printf_wctomb.o)
    0x08008bc4   0x00000094   Data   RO         1294    .constdata          c_w.l(bigflt0.o)
    0x08008c58   0x00000028   Data   RO          998    .conststring        usmart.o
    0x08008c80   0x00000227   Data   RO         1025    .conststring        usmart_config.o
    0x08008ea7   0x00000001   PAD
    0x08008ea8   0x00000020   Data   RO         1469    Region$$Table       anon$$obj.o
    0x08008ec8   0x0000001c   Data   RO         1324    locale$$data        c_w.l(lc_numeric_c.o)
    0x08008ee4   0x00000110   Data   RO         1337    locale$$data        c_w.l(lc_ctype_c.o)


    Execution Region RW_IRAM1 (Base: 0x20000000, Size: 0x00004800, Max: 0x00020000, ABSOLUTE, COMPRESSED[0x00000144])

    Base Addr    Size         Type   Attr      Idx    E Section Name        Object

    0x20000000   0x00000016   Data   RW            5    .data               main.o
    0x20000016   0x00000002   PAD
    0x20000018   0x00000014   Data   RW          261    .data               system_stm32f4xx.o
    0x2000002c   0x00000001   Data   RW          291    .data               key.o
    0x2000002d   0x00000001   PAD
    0x2000002e   0x00000002   Data   RW          345    .data               usart3.o
    0x20000030   0x0000000a   Data   RW          382    .data               pwm.o
    0x2000003a   0x00000002   PAD
    0x2000003c   0x0000000c   Data   RW          410    .data               relays.o
    0x20000048   0x0000000c   Data   RW          441    .data               posswitch.o
    0x20000054   0x00000014   Data   RW          471    .data               lightswitch.o
    0x20000068   0x0000005c   Data   RW          529    .data               motorlei.o
    0x200000c4   0x000000b4   Data   RW          563    .data               max6675.o
    0x20000178   0x000000b0   Data   RW          597    .data               pid.o
    0x20000228   0x00000070   Data   RW          627    .data               dcmotor.o
    0x20000298   0x00000038   Data   RW          657    .data               hx711.o
    0x200002d0   0x00000004   Data   RW          687    .data               delay.o
    0x200002d4   0x00000006   Data   RW          736    .data               usart.o
    0x200002da   0x00000010   Data   RW          852    .data               stm32f4xx_rcc.o
    0x200002ea   0x00000002   PAD
    0x200002ec   0x0000001c   Data   RW          999    .data               usmart.o
    0x20000308   0x00000174   Data   RW         1026    .data               usmart_config.o
    0x2000047c   0x00000004   PAD
    0x20000480   0x00000320   Zero   RW          344    .bss                usart3.o
    0x200007a0   0x00000010   Zero   RW          409    .bss                relays.o
    0x200007b0   0x00000010   Zero   RW          440    .bss                posswitch.o
    0x200007c0   0x00003918   Zero   RW          528    .bss                motorlei.o
    0x200040d8   0x000000c8   Zero   RW          735    .bss                usart.o
    0x200041a0   0x00000060   Zero   RW         1259    .bss                c_w.l(libspace.o)
    0x20004200   0x00000200   Zero   RW          767    HEAP                startup_stm32f40_41xxx.o
    0x20004400   0x00000400   Zero   RW          766    STACK               startup_stm32f40_41xxx.o


==============================================================================

Image component sizes


      Code (inc. data)   RO Data    RW Data    ZI Data      Debug   Object Name

       492         26          0        112          0       3013   dcmotor.o
       260          8          0          4          0       1429   delay.o
       928         80          0         56          0       3656   hx711.o
       260         12          0          1          0        864   key.o
       136         14          0         20          0       1970   lightswitch.o
      1556        186          0         22          0     293829   main.o
      2396        164          0        180          0       7383   max6675.o
       224         20          0          0          0       1813   misc.o
      2660        192          0         92      14616       6451   motorlei.o
       944        208          0        176          0       2759   pid.o
       180         14          0         12         16       1999   posswitch.o
      1676         68          0         10          0       3404   pwm.o
       252         10          0         12         16       2168   relays.o
        64         26        392          0       1536        828   startup_stm32f40_41xxx.o
       660         44          0          0          0       4089   stm32f4xx_gpio.o
        26          0          0          0          0       1218   stm32f4xx_it.o
      1628         52          0         16          0      12876   stm32f4xx_rcc.o
      1152         36          0          0          0       6837   stm32f4xx_spi.o
      3234         60          0          0          0      22292   stm32f4xx_tim.o
      1108         34          0          0          0       7788   stm32f4xx_usart.o
       528         46          0         20          0       1771   system_stm32f4xx.o
       136          8          0          0          0        800   timer.o
       340         18          0          6        200       3310   usart.o
       388         24          0          2        800       2546   usart3.o
      3128       1288         40         28          0       4358   usmart.o
         0          0        551        372          0       1628   usmart_config.o
      1320         12          0          0          0       5161   usmart_str.o

    ----------------------------------------------------------------------
     25680       2650       1016       1148      17188     406240   Object Totals
         0          0         32          0          0          0   (incl. Generated)
         4          0          1          7          4          0   (incl. Padding)

    ----------------------------------------------------------------------

      Code (inc. data)   RO Data    RW Data    ZI Data      Debug   Library Member Name

        24          4          0          0          0         84   __2printf.o
        90          0          0          0          0          0   __dczerorl2.o
         8          0          0          0          0         68   __main.o
       392          4         17          0          0         92   __printf_flags_ss_wp.o
        14          0          0          0          0         68   __printf_wp.o
         0          0          0          0          0          0   __rtentry.o
        12          0          0          0          0          0   __rtentry2.o
         6          0          0          0          0          0   __rtentry4.o
        52          8          0          0          0          0   __scatter.o
        28          0          0          0          0          0   __scatter_zi.o
        28          0          0          0          0         68   _chval.o
         6          0          0          0          0          0   _printf_a.o
         6          0          0          0          0          0   _printf_c.o
        44          0          0          0          0        108   _printf_char.o
        48          6          0          0          0         96   _printf_char_common.o
        36          4          0          0          0         80   _printf_char_file.o
        40          0          0          0          0         68   _printf_charcount.o
         6          0          0          0          0          0   _printf_d.o
       120         16          0          0          0         92   _printf_dec.o
         6          0          0          0          0          0   _printf_e.o
         6          0          0          0          0          0   _printf_f.o
      1050          0          0          0          0        216   _printf_fp_dec.o
       128         16          0          0          0         84   _printf_fp_infnan.o
         6          0          0          0          0          0   _printf_g.o
       148          4         40          0          0        160   _printf_hex_int_ll_ptr.o
         6          0          0          0          0          0   _printf_i.o
       178          0          0          0          0         88   _printf_intcommon.o
        10          0          0          0          0          0   _printf_l.o
         6          0          0          0          0          0   _printf_lc.o
        10          0          0          0          0          0   _printf_ll.o
         6          0          0          0          0          0   _printf_lld.o
         6          0          0          0          0          0   _printf_lli.o
         6          0          0          0          0          0   _printf_llo.o
         6          0          0          0          0          0   _printf_llu.o
         6          0          0          0          0          0   _printf_llx.o
       124         16          0          0          0         92   _printf_longlong_dec.o
         6          0          0          0          0          0   _printf_ls.o
         6          0          0          0          0          0   _printf_n.o
         6          0          0          0          0          0   _printf_o.o
       112          8          0          0          0        124   _printf_oct_int_ll.o
         6          0          0          0          0          0   _printf_p.o
        78          0          0          0          0        108   _printf_pad.o
         0          0          0          0          0          0   _printf_percent.o
         4          0          0          0          0          0   _printf_percent_end.o
         6          0          0          0          0          0   _printf_s.o
        82          0          0          0          0         80   _printf_str.o
        36          0          0          0          0         84   _printf_truncate.o
         6          0          0          0          0          0   _printf_u.o
        44          0          0          0          0        108   _printf_wchar.o
       188          6          8          0          0         92   _printf_wctomb.o
         6          0          0          0          0          0   _printf_x.o
        22          0          0          0          0        100   _rserrno.o
        10          0          0          0          0         68   _sputc.o
       158          0          0          0          0         92   _strtoul.o
        64          0          0          0          0         92   _wcrtomb.o
        26          0          0          0          0         80   atoi.o
       220          4        148          0          0         96   bigflt0.o
      1910        128          0          0          0        672   btod.o
        36          4          0          0          0         76   c89vsprintf.o
        12          0          0          0          0         72   exit.o
         8          0          0          0          0         68   ferror.o
         6          0          0          0          0        152   heapauxi.o
        44         10        272          0          0         76   lc_ctype_c.o
        44         10         28          0          0         76   lc_numeric_c.o
         2          0          0          0          0          0   libinit.o
        34          0          0          0          0          0   libinit2.o
         2          0          0          0          0          0   libshutdown.o
         2          0          0          0          0          0   libshutdown2.o
         8          4          0          0         96         68   libspace.o
       138          0          0          0          0         80   lludiv10.o
        16          4          0          0          0         76   rt_ctype_table.o
         8          4          0          0          0         68   rt_errno_addr_intlibspace.o
         8          4          0          0          0         68   rt_locale_intlibspace.o
         2          0          0          0          0          0   rtexit.o
        10          0          0          0          0          0   rtexit2.o
       128          0          0          0          0         68   strcmpv7m.o
        62          0          0          0          0         76   strlen.o
       112          0          0          0          0         88   strtol.o
        74          0          0          0          0         80   sys_stackheap_outer.o
         2          0          0          0          0         68   use_no_semi.o
         2          0          0          0          0         68   use_no_semi_2.o
        98          4          0          0          0        140   d2f.o
       804         16          0          0          0        368   daddsub_clz.o
       688        140          0          0          0        256   ddiv.o
        94          4          0          0          0        140   dfix.o
        90          4          0          0          0        140   dfixu.o
        84          0          0          0          0        232   dflt_clz.o
       340         12          0          0          0        152   dmul.o
       156          4          0          0          0        140   dnaninf.o
        12          0          0          0          0        116   dretinf.o
       408         56          0          0          0        168   dsqrt_umaal.o
        86          4          0          0          0        132   f2d.o
       140          4          0          0          0        132   fnaninf.o
        10          0          0          0          0        116   fpinit.o
        10          0          0          0          0        116   fretinf.o
         4          0          0          0          0        116   printf1.o
         0          0          0          0          0          0   usenofp.o
        48          0          0          0          0        124   fpclassify.o
       122          0          0          0          0        148   sqrt.o

    ----------------------------------------------------------------------
      9642        512        514          0         96       7324   Library Totals
        24          0          1          0          0          0   (incl. Padding)

    ----------------------------------------------------------------------

      Code (inc. data)   RO Data    RW Data    ZI Data      Debug   Library Name

      6424        264        513          0         96       4588   c_w.l
      3024        248          0          0          0       2464   fz_wm.l
       170          0          0          0          0        272   m_wm.l

    ----------------------------------------------------------------------
      9642        512        514          0         96       7324   Library Totals

    ----------------------------------------------------------------------

==============================================================================


      Code (inc. data)   RO Data    RW Data    ZI Data      Debug   

     35322       3162       1530       1148      17284     404316   Grand Totals
     35322       3162       1530        324      17284     404316   ELF Image Totals (compressed)
     35322       3162       1530        324          0          0   ROM Totals

==============================================================================

    Total RO  Size (Code + RO Data)                36852 (  35.99kB)
    Total RW  Size (RW Data + ZI Data)             18432 (  18.00kB)
    Total ROM Size (Code + RO Data + RW Data)      37176 (  36.30kB)

==============================================================================

